Component: Arm Compiler for Embedded 6.19 Tool: armlink [5e73cb00]

==============================================================================

Section Cross References

    startup_stm32f407xx.o(RESET) refers to startup_stm32f407xx.o(STACK) for __initial_sp
    startup_stm32f407xx.o(RESET) refers to startup_stm32f407xx.o(.text) for Reset_Handler
    startup_stm32f407xx.o(RESET) refers to stm32f4xx_it.o(.text.NMI_Handler) for NMI_Handler
    startup_stm32f407xx.o(RESET) refers to stm32f4xx_it.o(.text.HardFault_Handler) for HardFault_Handler
    startup_stm32f407xx.o(RESET) refers to stm32f4xx_it.o(.text.MemManage_Handler) for MemManage_Handler
    startup_stm32f407xx.o(RESET) refers to stm32f4xx_it.o(.text.BusFault_Handler) for BusFault_Handler
    startup_stm32f407xx.o(RESET) refers to stm32f4xx_it.o(.text.UsageFault_Handler) for UsageFault_Handler
    startup_stm32f407xx.o(RESET) refers to stm32f4xx_it.o(.text.SVC_Handler) for SVC_Handler
    startup_stm32f407xx.o(RESET) refers to stm32f4xx_it.o(.text.DebugMon_Handler) for DebugMon_Handler
    startup_stm32f407xx.o(RESET) refers to stm32f4xx_it.o(.text.PendSV_Handler) for PendSV_Handler
    startup_stm32f407xx.o(RESET) refers to stm32f4xx_it.o(.text.SysTick_Handler) for SysTick_Handler
    startup_stm32f407xx.o(RESET) refers to stm32f4xx_it.o(.text.USART1_IRQHandler) for USART1_IRQHandler
    startup_stm32f407xx.o(RESET) refers to stm32f4xx_it.o(.text.USART2_IRQHandler) for USART2_IRQHandler
    startup_stm32f407xx.o(RESET) refers to stm32f4xx_it.o(.text.TIM7_IRQHandler) for TIM7_IRQHandler
    startup_stm32f407xx.o(.text) refers to system_stm32f4xx.o(.text.SystemInit) for SystemInit
    startup_stm32f407xx.o(.text) refers to entry.o(.ARM.Collect$$$$00000000) for __main
    main.o(.text.JustFloat_Send) refers to usart.o(.bss.huart1) for huart1
    main.o(.text.JustFloat_Send) refers to stm32f4xx_hal_uart.o(.text.HAL_UART_Transmit) for HAL_UART_Transmit
    main.o(.ARM.exidx.text.JustFloat_Send) refers to main.o(.text.JustFloat_Send) for [Anonymous Symbol]
    main.o(.text.fputc) refers to usart.o(.bss.huart1) for huart1
    main.o(.text.fputc) refers to stm32f4xx_hal_uart.o(.text.HAL_UART_Transmit) for HAL_UART_Transmit
    main.o(.ARM.exidx.text.fputc) refers to main.o(.text.fputc) for [Anonymous Symbol]
    main.o(.text.main) refers to stm32f4xx_hal.o(.text.HAL_Init) for HAL_Init
    main.o(.text.main) refers to memseta.o(.text) for __aeabi_memclr4
    main.o(.text.main) refers to stm32f4xx_hal_rcc.o(.text.HAL_RCC_OscConfig) for HAL_RCC_OscConfig
    main.o(.text.main) refers to stm32f4xx_hal_rcc.o(.text.HAL_RCC_ClockConfig) for HAL_RCC_ClockConfig
    main.o(.text.main) refers to gpio.o(.text.MX_GPIO_Init) for MX_GPIO_Init
    main.o(.text.main) refers to tim.o(.text.MX_TIM10_Init) for MX_TIM10_Init
    main.o(.text.main) refers to tim.o(.text.MX_TIM11_Init) for MX_TIM11_Init
    main.o(.text.main) refers to tim.o(.text.MX_TIM9_Init) for MX_TIM9_Init
    main.o(.text.main) refers to tim.o(.text.MX_TIM1_Init) for MX_TIM1_Init
    main.o(.text.main) refers to tim.o(.text.MX_TIM2_Init) for MX_TIM2_Init
    main.o(.text.main) refers to tim.o(.text.MX_TIM3_Init) for MX_TIM3_Init
    main.o(.text.main) refers to tim.o(.text.MX_TIM4_Init) for MX_TIM4_Init
    main.o(.text.main) refers to tim.o(.text.MX_TIM5_Init) for MX_TIM5_Init
    main.o(.text.main) refers to usart.o(.text.MX_USART1_UART_Init) for MX_USART1_UART_Init
    main.o(.text.main) refers to tim.o(.text.MX_TIM12_Init) for MX_TIM12_Init
    main.o(.text.main) refers to usart.o(.text.MX_USART2_UART_Init) for MX_USART2_UART_Init
    main.o(.text.main) refers to tim.o(.text.MX_TIM8_Init) for MX_TIM8_Init
    main.o(.text.main) refers to tim.o(.text.MX_TIM7_Init) for MX_TIM7_Init
    main.o(.text.main) refers to motor.o(.text.Motor_Init) for Motor_Init
    main.o(.text.main) refers to tim.o(.bss.htim7) for htim7
    main.o(.text.main) refers to stm32f4xx_hal_tim.o(.text.HAL_TIM_Base_Start_IT) for HAL_TIM_Base_Start_IT
    main.o(.text.main) refers to oled.o(.text.OLED_Init) for OLED_Init
    main.o(.text.main) refers to oled.o(.text.OLED_Display_On) for OLED_Display_On
    main.o(.text.main) refers to main.o(.bss.cw) for cw
    main.o(.text.main) refers to main.o(.bss.state) for state
    main.o(.text.main) refers to main.o(.bss.sequency) for sequency
    main.o(.text.main) refers to main.o(.bss.seq_arr) for seq_arr
    main.o(.text.main) refers to main.o(.bss.key_state) for key_state
    main.o(.text.main) refers to usart.o(.bss.huart2) for huart2
    main.o(.text.main) refers to main.o(.bss.usart2_rxbuff) for usart2_rxbuff
    main.o(.text.main) refers to stm32f4xx_hal_uart.o(.text.HAL_UART_Receive_IT) for HAL_UART_Receive_IT
    main.o(.text.main) refers to oled.o(.text.OLED_Refresh_Gram) for OLED_Refresh_Gram
    main.o(.text.main) refers to main.o(.bss.cx) for cx
    main.o(.text.main) refers to oled.o(.text.OLED_ShowNumber) for OLED_ShowNumber
[...]
    Removing motor.o(.ARM.exidx.text.Motor_Move_Distance), (8 bytes).
    Removing openmv.o(.text), (0 bytes).
    Removing openmv.o(.ARM.exidx.text.OpenMV_Data_Receive), (8 bytes).
    Removing oled.o(.text), (0 bytes).
    Removing oled.o(.ARM.exidx.text.OLED_Refresh_Gram), (8 bytes).
    Removing oled.o(.ARM.exidx.text.OLED_WR_Byte), (8 bytes).
    Removing oled.o(.ARM.exidx.text.OLED_Display_On), (8 bytes).
    Removing oled.o(.text.OLED_Display_Off), (30 bytes).
    Removing oled.o(.ARM.exidx.text.OLED_Display_Off), (8 bytes).
    Removing oled.o(.text.OLED_Clear), (112 bytes).
    Removing oled.o(.ARM.exidx.text.OLED_Clear), (8 bytes).
    Removing oled.o(.text.OLED_DrawPoint), (68 bytes).
    Removing oled.o(.ARM.exidx.text.OLED_DrawPoint), (8 bytes).
    Removing oled.o(.ARM.exidx.text.OLED_ShowChar), (8 bytes).
    Removing oled.o(.text.oled_pow), (24 bytes).
    Removing oled.o(.ARM.exidx.text.oled_pow), (8 bytes).
    Removing oled.o(.ARM.exidx.text.OLED_ShowNumber), (8 bytes).
    Removing oled.o(.ARM.exidx.text.OLED_ShowString), (8 bytes).
    Removing oled.o(.ARM.exidx.text.OLED_Init), (8 bytes).
    Removing oled.o(.text.OLED_Set_Pos), (40 bytes).
    Removing oled.o(.ARM.exidx.text.OLED_Set_Pos), (8 bytes).
    Removing dcmple.o(.text), (54 bytes).
    Removing dcmpge.o(.text), (54 bytes).
    Removing dcmpgt.o(.text), (54 bytes).
    Removing dcmpeq.o(.text), (56 bytes).
    Removing dflti.o(.text), (34 bytes).
    Removing dfixi.o(.text), (62 bytes).
    Removing dfltul.o(.text), (24 bytes).
    Removing dfixul.o(.text), (48 bytes).
    Removing cdrcmple.o(.text), (48 bytes).

1020 unused section(s) (total 57559 bytes) removed from the image.

==============================================================================

Image Symbol Table

    Local Symbols

    Symbol Name                              Value     Ov Type        Size  Object(Section)

    ../clib/division.s                       0x00000000   Number         0  aeabi_sdiv.o ABSOLUTE
    ../clib/microlib/ctype/ctype.c           0x00000000   Number         0  isspace_c.o ABSOLUTE
    ../clib/microlib/ctype/ctype.c           0x00000000   Number         0  ctype_c.o ABSOLUTE
    ../clib/microlib/ctype/tolower.c         0x00000000   Number         0  tolower.o ABSOLUTE
    ../clib/microlib/division.c              0x00000000   Number         0  uldiv.o ABSOLUTE
    ../clib/microlib/division.c              0x00000000   Number         0  uidiv.o ABSOLUTE
    ../clib/microlib/init/entry.s            0x00000000   Number         0  entry.o ABSOLUTE
    ../clib/microlib/init/entry.s            0x00000000   Number         0  entry2.o ABSOLUTE
    ../clib/microlib/init/entry.s            0x00000000   Number         0  entry5.o ABSOLUTE
    ../clib/microlib/init/entry.s            0x00000000   Number         0  entry7a.o ABSOLUTE
    ../clib/microlib/init/entry.s            0x00000000   Number         0  entry7b.o ABSOLUTE
    ../clib/microlib/init/entry.s            0x00000000   Number         0  entry8a.o ABSOLUTE
    ../clib/microlib/init/entry.s            0x00000000   Number         0  entry8b.o ABSOLUTE
    ../clib/microlib/init/entry.s            0x00000000   Number         0  entry9a.o ABSOLUTE
    ../clib/microlib/init/entry.s            0x00000000   Number         0  entry9b.o ABSOLUTE
    ../clib/microlib/init/entry.s            0x00000000   Number         0  entry10a.o ABSOLUTE
    ../clib/microlib/init/entry.s            0x00000000   Number         0  entry10b.o ABSOLUTE
    ../clib/microlib/init/entry.s            0x00000000   Number         0  entry11a.o ABSOLUTE
    ../clib/microlib/init/entry.s            0x00000000   Number         0  entry11b.o ABSOLUTE
    ../clib/microlib/longlong.c              0x00000000   Number         0  llshl.o ABSOLUTE
    ../clib/microlib/longlong.c              0x00000000   Number         0  llushr.o ABSOLUTE
    ../clib/microlib/longlong.c              0x00000000   Number         0  llsshr.o ABSOLUTE
    ../clib/microlib/malloc/malloc.c         0x00000000   Number         0  malloc.o ABSOLUTE
    ../clib/microlib/malloc/malloc.c         0x00000000   Number         0  mallocr.o ABSOLUTE
    ../clib/microlib/malloc/malloc.c         0x00000000   Number         0  malloca.o ABSOLUTE
    ../clib/microlib/malloc/malloc.c         0x00000000   Number         0  mallocra.o ABSOLUTE
    ../clib/microlib/malloc/mvars.c          0x00000000   Number         0  mvars.o ABSOLUTE
    ../clib/microlib/printf/printf.c         0x00000000   Number         0  printfb.o ABSOLUTE
    ../clib/microlib/printf/printf.c         0x00000000   Number         0  printf0.o ABSOLUTE
    ../clib/microlib/printf/printf.c         0x00000000   Number         0  printf1.o ABSOLUTE
    ../clib/microlib/printf/printf.c         0x00000000   Number         0  printf2.o ABSOLUTE
    ../clib/microlib/printf/printf.c         0x00000000   Number         0  printf3.o ABSOLUTE
    ../clib/microlib/printf/printf.c         0x00000000   Number         0  printf4.o ABSOLUTE
    ../clib/microlib/printf/printf.c         0x00000000   Number         0  printf5.o ABSOLUTE
    ../clib/microlib/printf/printf.c         0x00000000   Number         0  printf6.o ABSOLUTE
    ../clib/microlib/printf/printf.c         0x00000000   Number         0  printf7.o ABSOLUTE
    ../clib/microlib/printf/printf.c         0x00000000   Number         0  printf8.o ABSOLUTE
    ../clib/microlib/printf/printf.c         0x00000000   Number         0  printfa.o ABSOLUTE
    ../clib/microlib/printf/stubs.s          0x00000000   Number         0  printfstubs.o ABSOLUTE
    ../clib/microlib/stdio/streams.c         0x00000000   Number         0  stdout.o ABSOLUTE
    ../clib/microlib/string/memcpy.c         0x00000000   Number         0  memcpya.o ABSOLUTE
    ../clib/microlib/string/memcpy.c         0x00000000   Number         0  memcpyb.o ABSOLUTE
    ../clib/microlib/string/memset.c         0x00000000   Number         0  memseta.o ABSOLUTE
    ../clib/microlib/string/strcat.c         0x00000000   Number         0  strcat.o ABSOLUTE
    ../clib/microlib/string/strcmp.c         0x00000000   Number         0  strcmp.o ABSOLUTE
    ../clib/microlib/string/strcpy.c         0x00000000   Number         0  strcpy.o ABSOLUTE
    ../clib/microlib/string/strlen.c         0x00000000   Number         0  strlen.o ABSOLUTE
    ../clib/microlib/string/strncmp.c        0x00000000   Number         0  strncmp.o ABSOLUTE
    ../clib/microlib/string/strrchr.c        0x00000000   Number         0  strrchr.o ABSOLUTE
    ../clib/microlib/stubs.s                 0x00000000   Number         0  iusefp.o ABSOLUTE
    ../clib/scanf.c                          0x00000000   Number         0  __0sscanf.o ABSOLUTE
    ../clib/scanf.c                          0x00000000   Number         0  scanf_fp.o ABSOLUTE
    ../clib/scanf.c                          0x00000000   Number         0  scanf_char.o ABSOLUTE
    ../clib/scanf.c                          0x00000000   Number         0  _sgetc.o ABSOLUTE
    ../clib/scanf.c                          0x00000000   Number         0  strtod.o ABSOLUTE
    ../clib/scanf.c                          0x00000000   Number         0  _scanf.o ABSOLUTE
    ../fplib/microlib/d2f.c                  0x00000000   Number         0  d2f.o ABSOLUTE
    ../fplib/microlib/f2d.c                  0x00000000   Number         0  f2d.o ABSOLUTE
    ../fplib/microlib/fpadd.c                0x00000000   Number         0  dadd.o ABSOLUTE
    ../fplib/microlib/fpcmp.c                0x00000000   Number         0  dcmple.o ABSOLUTE
    ../fplib/microlib/fpcmp.c                0x00000000   Number         0  dcmpge.o ABSOLUTE
    ../fplib/microlib/fpcmp.c                0x00000000   Number         0  dcmpgt.o ABSOLUTE
    ../fplib/microlib/fpcmp.c                0x00000000   Number         0  dcmpeq.o ABSOLUTE
    ../fplib/microlib/fpdiv.c                0x00000000   Number         0  ddiv.o ABSOLUTE
    ../fplib/microlib/fpepilogue.c           0x00000000   Number         0  fepilogue.o ABSOLUTE
    ../fplib/microlib/fpepilogue.c           0x00000000   Number         0  depilogue.o ABSOLUTE
    ../fplib/microlib/fpfix.c                0x00000000   Number         0  dfixi.o ABSOLUTE
    ../fplib/microlib/fpfix.c                0x00000000   Number         0  dfixul.o ABSOLUTE
    ../fplib/microlib/fpflt.c                0x00000000   Number         0  dflti.o ABSOLUTE
    ../fplib/microlib/fpflt.c                0x00000000   Number         0  dfltul.o ABSOLUTE
    ../fplib/microlib/fpmul.c                0x00000000   Number         0  dmul.o ABSOLUTE
    ../mathlib/strtod.c                      0x00000000   Number         0  strtod.o ABSOLUTE
    cJSON.c                                  0x00000000   Number         0  cjson.o ABSOLUTE
    cJSON_Utils.c                            0x00000000   Number         0  cjson_utils.o ABSOLUTE
    cdrcmple.s                               0x00000000   Number         0  cdrcmple.o ABSOLUTE
    dc.s                                     0x00000000   Number         0  dc.o ABSOLUTE
    gpio.c                                   0x00000000   Number         0  gpio.o ABSOLUTE
    handlers.s                               0x00000000   Number         0  handlers.o ABSOLUTE
    init.s                                   0x00000000   Number         0  init.o ABSOLUTE
    main.c                                   0x00000000   Number         0  main.o ABSOLUTE
    motor.c                                  0x00000000   Number         0  motor.o ABSOLUTE
    oled.c                                   0x00000000   Number         0  oled.o ABSOLUTE
    openmv.c                                 0x00000000   Number         0  openmv.o ABSOLUTE
    pid.c                                    0x00000000   Number         0  pid.o ABSOLUTE
    startup_stm32f407xx.s                    0x00000000   Number         0  startup_stm32f407xx.o ABSOLUTE
    stm32f4xx_hal.c                          0x00000000   Number         0  stm32f4xx_hal.o ABSOLUTE
    stm32f4xx_hal_cortex.c                   0x00000000   Number         0  stm32f4xx_hal_cortex.o ABSOLUTE
    stm32f4xx_hal_dma.c                      0x00000000   Number         0  stm32f4xx_hal_dma.o ABSOLUTE
    stm32f4xx_hal_dma_ex.c                   0x00000000   Number         0  stm32f4xx_hal_dma_ex.o ABSOLUTE
    stm32f4xx_hal_exti.c                     0x00000000   Number         0  stm32f4xx_hal_exti.o ABSOLUTE
    stm32f4xx_hal_flash.c                    0x00000000   Number         0  stm32f4xx_hal_flash.o ABSOLUTE
    stm32f4xx_hal_flash_ex.c                 0x00000000   Number         0  stm32f4xx_hal_flash_ex.o ABSOLUTE
    stm32f4xx_hal_flash_ramfunc.c            0x00000000   Number         0  stm32f4xx_hal_flash_ramfunc.o ABSOLUTE
    stm32f4xx_hal_gpio.c                     0x00000000   Number         0  stm32f4xx_hal_gpio.o ABSOLUTE
    stm32f4xx_hal_msp.c                      0x00000000   Number         0  stm32f4xx_hal_msp.o ABSOLUTE
    stm32f4xx_hal_pwr.c                      0x00000000   Number         0  stm32f4xx_hal_pwr.o ABSOLUTE
    stm32f4xx_hal_pwr_ex.c                   0x00000000   Number         0  stm32f4xx_hal_pwr_ex.o ABSOLUTE
    stm32f4xx_hal_rcc.c                      0x00000000   Number         0  stm32f4xx_hal_rcc.o ABSOLUTE
    stm32f4xx_hal_rcc_ex.c                   0x00000000   Number         0  stm32f4xx_hal_rcc_ex.o ABSOLUTE
    stm32f4xx_hal_tim.c                      0x00000000   Number         0  stm32f4xx_hal_tim.o ABSOLUTE
    stm32f4xx_hal_tim_ex.c                   0x00000000   Number         0  stm32f4xx_hal_tim_ex.o ABSOLUTE
    stm32f4xx_hal_uart.c                     0x00000000   Number         0  stm32f4xx_hal_uart.o ABSOLUTE
    stm32f4xx_it.c                           0x00000000   Number         0  stm32f4xx_it.o ABSOLUTE
    system_stm32f4xx.c                       0x00000000   Number         0  system_stm32f4xx.o ABSOLUTE
    tim.c                                    0x00000000   Number         0  tim.o ABSOLUTE
    usart.c                                  0x00000000   Number         0  usart.o ABSOLUTE
    RESET                                    0x08000000   Section      392  startup_stm32f407xx.o(RESET)
    .ARM.Collect$$$$00000000                 0x08000188   Section        0  entry.o(.ARM.Collect$$$$00000000)
    .ARM.Collect$$$$00000001                 0x08000188   Section        4  entry2.o(.ARM.Collect$$$$00000001)
    .ARM.Collect$$$$00000004                 0x0800018c   Section        4  entry5.o(.ARM.Collect$$$$00000004)
    .ARM.Collect$$$$00000008                 0x08000190   Section        0  entry7b.o(.ARM.Collect$$$$00000008)
    .ARM.Collect$$$$0000000A                 0x08000190   Section        0  entry8b.o(.ARM.Collect$$$$0000000A)
    .ARM.Collect$$$$0000000B                 0x08000190   Section        8  entry9a.o(.ARM.Collect$$$$0000000B)
    __lit__00000000                          0x08000198   Data           4  entry2.o(.ARM.Collect$$$$00002712)
    .ARM.Collect$$$$0000000D                 0x08000198   Section        0  entry10a.o(.ARM.Collect$$$$0000000D)
    .ARM.Collect$$$$0000000F                 0x08000198   Section        0  entry11a.o(.ARM.Collect$$$$0000000F)
    .ARM.Collect$$$$00002712                 0x08000198   Section        4  entry2.o(.ARM.Collect$$$$00002712)
    $v0                                      0x0800019c   Number         0  startup_stm32f407xx.o(.text)
    .text                                    0x0800019c   Section       36  startup_stm32f407xx.o(.text)
    .text                                    0x080001c0   Section        0  uldiv.o(.text)
    .text                                    0x08000222   Section        0  memseta.o(.text)
    .text                                    0x08000246   Section        0  dadd.o(.text)
    .text                                    0x08000394   Section        0  dmul.o(.text)
    .text                                    0x08000478   Section        0  ddiv.o(.text)
    .text                                    0x08000556   Section        0  f2d.o(.text)
    .text                                    0x0800057c   Section        0  d2f.o(.text)
    .text                                    0x080005b4   Section        0  llshl.o(.text)
    .text                                    0x080005d2   Section        0  llushr.o(.text)
    .text                                    0x080005f2   Section        0  llsshr.o(.text)
    .text                                    0x08000616   Section        0  iusefp.o(.text)
    .text                                    0x08000616   Section        0  fepilogue.o(.text)
    .text                                    0x08000684   Section        0  depilogue.o(.text)
    .text                                    0x08000740   Section       36  init.o(.text)
    [Anonymous Symbol]                       0x08000764   Section        0  stm32f4xx_it.o(.text.BusFault_Handler)
    [Anonymous Symbol]                       0x08000768   Section        0  stm32f4xx_it.o(.text.DebugMon_Handler)
    [Anonymous Symbol]                       0x0800076c   Section        0  main.o(.text.Error_Handler)
    [Anonymous Symbol]                       0x08000778   Section        0  stm32f4xx_hal_dma.o(.text.HAL_DMA_Abort)
    [Anonymous Symbol]                       0x080007f8   Section        0  stm32f4xx_hal_dma.o(.text.HAL_DMA_Abort_IT)
    [Anonymous Symbol]                       0x0800081c   Section        0  stm32f4xx_hal.o(.text.HAL_Delay)
    [Anonymous Symbol]                       0x08000844   Section        0  stm32f4xx_hal_gpio.o(.text.HAL_GPIO_Init)
    [Anonymous Symbol]                       0x080009e0   Section        0  stm32f4xx_hal_gpio.o(.text.HAL_GPIO_ReadPin)
    [Anonymous Symbol]                       0x080009ec   Section        0  stm32f4xx_hal_gpio.o(.text.HAL_GPIO_WritePin)
    [Anonymous Symbol]                       0x080009f8   Section        0  stm32f4xx_hal.o(.text.HAL_GetTick)
    [Anonymous Symbol]                       0x08000a04   Section        0  stm32f4xx_hal.o(.text.HAL_IncTick)
    [Anonymous Symbol]                       0x08000a20   Section        0  stm32f4xx_hal.o(.text.HAL_Init)
    [Anonymous Symbol]                       0x08000a58   Section        0  stm32f4xx_hal.o(.text.HAL_InitTick)
    [Anonymous Symbol]                       0x08000aa8   Section        0  stm32f4xx_hal_msp.o(.text.HAL_MspInit)
    [Anonymous Symbol]                       0x08000ae0   Section        0  stm32f4xx_hal_cortex.o(.text.HAL_NVIC_EnableIRQ)
    [Anonymous Symbol]                       0x08000b00   Section        0  stm32f4xx_hal_cortex.o(.text.HAL_NVIC_SetPriority)
    [Anonymous Symbol]                       0x08000b58   Section        0  stm32f4xx_hal_cortex.o(.text.HAL_NVIC_SetPriorityGrouping)
    [Anonymous Symbol]                       0x08000b78   Section        0  stm32f4xx_hal_rcc.o(.text.HAL_RCC_ClockConfig)
    [Anonymous Symbol]                       0x08000cd8   Section        0  stm32f4xx_hal_rcc.o(.text.HAL_RCC_GetPCLK1Freq)
    [Anonymous Symbol]                       0x08000d00   Section        0  stm32f4xx_hal_rcc.o(.text.HAL_RCC_GetPCLK2Freq)
    [Anonymous Symbol]                       0x08000d28   Section        0  stm32f4xx_hal_rcc.o(.text.HAL_RCC_GetSysClockFreq)
    [Anonymous Symbol]                       0x08000d90   Section        0  stm32f4xx_hal_rcc.o(.text.HAL_RCC_OscConfig)
    [Anonymous Symbol]                       0x080010d4   Section        0  stm32f4xx_hal_cortex.o(.text.HAL_SYSTICK_Config)
    [Anonymous Symbol]                       0x08001100   Section        0  stm32f4xx_hal_tim_ex.o(.text.HAL_TIMEx_BreakCallback)
    [Anonymous Symbol]                       0x08001104   Section        0  stm32f4xx_hal_tim_ex.o(.text.HAL_TIMEx_CommutCallback)
    [Anonymous Symbol]                       0x08001108   Section        0  stm32f4xx_hal_tim_ex.o(.text.HAL_TIMEx_ConfigBreakDeadTime)
    [Anonymous Symbol]                       0x08001154   Section        0  stm32f4xx_hal_tim_ex.o(.text.HAL_TIMEx_MasterConfigSynchronization)
    [Anonymous Symbol]                       0x0800120c   Section        0  stm32f4xx_hal_tim.o(.text.HAL_TIM_Base_Init)
    [Anonymous Symbol]                       0x08001268   Section        0  tim.o(.text.HAL_TIM_Base_MspInit)
    [Anonymous Symbol]                       0x0800136c   Section        0  stm32f4xx_hal_tim.o(.text.HAL_TIM_Base_Start_IT)
    [Anonymous Symbol]                       0x08001414   Section        0  stm32f4xx_hal_tim.o(.text.HAL_TIM_ConfigClockSource)
    [Anonymous Symbol]                       0x080015b0   Section        0  stm32f4xx_hal_tim.o(.text.HAL_TIM_Encoder_Init)
    [Anonymous Symbol]                       0x08001664   Section        0  tim.o(.text.HAL_TIM_Encoder_MspInit)
    [Anonymous Symbol]                       0x080017dc   Section        0  stm32f4xx_hal_tim.o(.text.HAL_TIM_Encoder_Start)
    [Anonymous Symbol]                       0x080018a8   Section        0  stm32f4xx_hal_tim.o(.text.HAL_TIM_IC_CaptureCallback)
    [Anonymous Symbol]                       0x080018ac   Section        0  stm32f4xx_hal_tim.o(.text.HAL_TIM_IRQHandler)
    [Anonymous Symbol]                       0x08001a18   Section        0  tim.o(.text.HAL_TIM_MspPostInit)
    [Anonymous Symbol]                       0x08001b9c   Section        0  stm32f4xx_hal_tim.o(.text.HAL_TIM_OC_DelayElapsedCallback)
    [Anonymous Symbol]                       0x08001ba0   Section        0  stm32f4xx_hal_tim.o(.text.HAL_TIM_PWM_ConfigChannel)
    [Anonymous Symbol]                       0x08001db8   Section        0  stm32f4xx_hal_tim.o(.text.HAL_TIM_PWM_Init)
    [Anonymous Symbol]                       0x08001e14   Section        0  tim.o(.text.HAL_TIM_PWM_MspInit)
    [Anonymous Symbol]                       0x08001e74   Section        0  stm32f4xx_hal_tim.o(.text.HAL_TIM_PWM_PulseFinishedCallback)
    [Anonymous Symbol]                       0x08001e78   Section        0  stm32f4xx_hal_tim.o(.text.HAL_TIM_PWM_Start)
    [Anonymous Symbol]                       0x08001fa8   Section        0  main.o(.text.HAL_TIM_PeriodElapsedCallback)
    [Anonymous Symbol]                       0x0800218c   Section        0  stm32f4xx_hal_tim.o(.text.HAL_TIM_TriggerCallback)
    [Anonymous Symbol]                       0x08002190   Section        0  stm32f4xx_hal_uart.o(.text.HAL_UARTEx_RxEventCallback)
    [Anonymous Symbol]                       0x08002194   Section        0  stm32f4xx_hal_uart.o(.text.HAL_UART_ErrorCallback)
    [Anonymous Symbol]                       0x08002198   Section        0  stm32f4xx_hal_uart.o(.text.HAL_UART_IRQHandler)
    [Anonymous Symbol]                       0x08002498   Section        0  stm32f4xx_hal_uart.o(.text.HAL_UART_Init)
    [Anonymous Symbol]                       0x080024f8   Section        0  usart.o(.text.HAL_UART_MspInit)
    [Anonymous Symbol]                       0x080025cc   Section        0  stm32f4xx_hal_uart.o(.text.HAL_UART_Receive_IT)
    [Anonymous Symbol]                       0x08002624   Section        0  main.o(.text.HAL_UART_RxCpltCallback)
    [Anonymous Symbol]                       0x0800265c   Section        0  stm32f4xx_hal_uart.o(.text.HAL_UART_TxCpltCallback)
    [Anonymous Symbol]                       0x08002660   Section        0  stm32f4xx_it.o(.text.HardFault_Handler)
    [Anonymous Symbol]                       0x08002664   Section        0  gpio.o(.text.MX_GPIO_Init)
    [Anonymous Symbol]                       0x08002748   Section        0  tim.o(.text.MX_TIM10_Init)
    [Anonymous Symbol]                       0x080027d4   Section        0  tim.o(.text.MX_TIM11_Init)
    [Anonymous Symbol]                       0x08002860   Section        0  tim.o(.text.MX_TIM12_Init)
    [Anonymous Symbol]                       0x080028ec   Section        0  tim.o(.text.MX_TIM1_Init)
    [Anonymous Symbol]                       0x08002a48   Section        0  tim.o(.text.MX_TIM2_Init)
    [Anonymous Symbol]                       0x08002abc   Section        0  tim.o(.text.MX_TIM3_Init)
    [Anonymous Symbol]                       0x08002b34   Section        0  tim.o(.text.MX_TIM4_Init)
    [Anonymous Symbol]                       0x08002bac   Section        0  tim.o(.text.MX_TIM5_Init)
    [Anonymous Symbol]                       0x08002c24   Section        0  tim.o(.text.MX_TIM7_Init)
    [Anonymous Symbol]                       0x08002c78   Section        0  tim.o(.text.MX_TIM8_Init)
    [Anonymous Symbol]                       0x08002d98   Section        0  tim.o(.text.MX_TIM9_Init)
    [Anonymous Symbol]                       0x08002e60   Section        0  usart.o(.text.MX_USART1_UART_Init)
    [Anonymous Symbol]                       0x08002e9c   Section        0  usart.o(.text.MX_USART2_UART_Init)
    [Anonymous Symbol]                       0x08002ed8   Section        0  stm32f4xx_it.o(.text.MemManage_Handler)
    [Anonymous Symbol]                       0x08002edc   Section        0  motor.o(.text.Motor_Calibration)
    [Anonymous Symbol]                       0x08002f4c   Section        0  motor.o(.text.Motor_Init)
    [Anonymous Symbol]                       0x08003098   Section        0  motor.o(.text.Motor_Move_Time)
    [Anonymous Symbol]                       0x080031d0   Section        0  motor.o(.text.Motor_Reverse)
    [Anonymous Symbol]                       0x080032a8   Section        0  stm32f4xx_it.o(.text.NMI_Handler)
    [Anonymous Symbol]                       0x080032ac   Section        0  oled.o(.text.OLED_Display_On)
    [Anonymous Symbol]                       0x080032cc   Section        0  oled.o(.text.OLED_Init)
    [Anonymous Symbol]                       0x08003424   Section        0  oled.o(.text.OLED_Refresh_Gram)
    [Anonymous Symbol]                       0x08003470   Section        0  oled.o(.text.OLED_ShowChar)
    [Anonymous Symbol]                       0x080035a8   Section        0  oled.o(.text.OLED_ShowNumber)
    [Anonymous Symbol]                       0x08003658   Section        0  oled.o(.text.OLED_ShowString)
    [Anonymous Symbol]                       0x080037f0   Section        0  oled.o(.text.OLED_WR_Byte)
    [Anonymous Symbol]                       0x08003850   Section        0  openmv.o(.text.OpenMV_Data_Receive)
    [Anonymous Symbol]                       0x08003a24   Section        0  stm32f4xx_it.o(.text.PendSV_Handler)
    [Anonymous Symbol]                       0x08003a28   Section        0  stm32f4xx_it.o(.text.SVC_Handler)
    [Anonymous Symbol]                       0x08003a2c   Section        0  motor.o(.text.Servo_Grab)
    __arm_cp.7_3                             0x08003da8   Number         4  motor.o(.text.Servo_Grab)
    __arm_cp.7_4                             0x08003dac   Number         4  motor.o(.text.Servo_Grab)
    __arm_cp.7_5                             0x08003db0   Number         4  motor.o(.text.Servo_Grab)
    [Anonymous Symbol]                       0x08003e04   Section        0  motor.o(.text.Servo_Put_Down)
    __arm_cp.8_3                             0x080041a4   Number         4  motor.o(.text.Servo_Put_Down)
    __arm_cp.8_4                             0x080041a8   Number         4  motor.o(.text.Servo_Put_Down)
    __arm_cp.8_5                             0x080041ac   Number         4  motor.o(.text.Servo_Put_Down)
    [Anonymous Symbol]                       0x08004328   Section        0  stm32f4xx_it.o(.text.SysTick_Handler)
    [Anonymous Symbol]                       0x0800432c   Section        0  system_stm32f4xx.o(.text.SystemInit)
    [Anonymous Symbol]                       0x08004340   Section        0  stm32f4xx_it.o(.text.TIM7_IRQHandler)
    [Anonymous Symbol]                       0x0800434c   Section        0  stm32f4xx_hal_tim.o(.text.TIM_Base_SetConfig)
    UART_DMAAbortOnError                     0x08004471   Thumb Code    12  stm32f4xx_hal_uart.o(.text.UART_DMAAbortOnError)
    [Anonymous Symbol]                       0x08004470   Section        0  stm32f4xx_hal_uart.o(.text.UART_DMAAbortOnError)
    UART_Receive_IT                          0x0800447d   Thumb Code   190  stm32f4xx_hal_uart.o(.text.UART_Receive_IT)
    [Anonymous Symbol]                       0x0800447c   Section        0  stm32f4xx_hal_uart.o(.text.UART_Receive_IT)
    UART_SetConfig                           0x0800453d   Thumb Code   234  stm32f4xx_hal_uart.o(.text.UART_SetConfig)
    [Anonymous Symbol]                       0x0800453c   Section        0  stm32f4xx_hal_uart.o(.text.UART_SetConfig)
    [Anonymous Symbol]                       0x08004628   Section        0  stm32f4xx_it.o(.text.USART1_IRQHandler)
    [Anonymous Symbol]                       0x08004634   Section        0  stm32f4xx_it.o(.text.USART2_IRQHandler)
    [Anonymous Symbol]                       0x08004640   Section        0  stm32f4xx_it.o(.text.UsageFault_Handler)
    [Anonymous Symbol]                       0x08004644   Section        0  main.o(.text.main)
    [Anonymous Symbol]                       0x080049b0   Section        0  pid.o(.text.pidController1)
    [Anonymous Symbol]                       0x08004a68   Section        0  pid.o(.text.pidController2)
    [Anonymous Symbol]                       0x08004b20   Section        0  pid.o(.text.pidController3)
    [Anonymous Symbol]                       0x08004bd8   Section        0  pid.o(.text.pidController4)
    i.__scatterload_copy                     0x08004c90   Section       14  handlers.o(i.__scatterload_copy)
    i.__scatterload_null                     0x08004c9e   Section        2  handlers.o(i.__scatterload_null)
    i.__scatterload_zeroinit                 0x08004ca0   Section       14  handlers.o(i.__scatterload_zeroinit)
    angle1                                   0x20000004   Data           4  motor.o(.data.angle1)
    [Anonymous Symbol]                       0x20000004   Section        0  motor.o(.data.angle1)
    angle2                                   0x20000008   Data           4  motor.o(.data.angle2)
    [Anonymous Symbol]                       0x20000008   Section        0  motor.o(.data.angle2)
    angle3                                   0x2000000c   Data           4  motor.o(.data.angle3)
    [Anonymous Symbol]                       0x2000000c   Section        0  motor.o(.data.angle3)
    angle4                                   0x20000010   Data           4  motor.o(.data.angle4)
    [Anonymous Symbol]                       0x20000010   Section        0  motor.o(.data.angle4)
    angle5                                   0x20000014   Data           4  motor.o(.data.angle5)
    [Anonymous Symbol]                       0x20000014   Section        0  motor.o(.data.angle5)
    OpenMV_Data_Receive.RxBuffer1            0x20000420   Data          20  openmv.o(.bss.OpenMV_Data_Receive.RxBuffer1)
    [Anonymous Symbol]                       0x20000420   Section        0  openmv.o(.bss.OpenMV_Data_Receive.RxBuffer1)
    OpenMV_Data_Receive.RxCounter1           0x20000434   Data           1  openmv.o(.bss.OpenMV_Data_Receive.RxCounter1)
    [Anonymous Symbol]                       0x20000434   Section        0  openmv.o(.bss.OpenMV_Data_Receive.RxCounter1)
    OpenMV_Data_Receive.RxState              0x20000435   Data           1  openmv.o(.bss.OpenMV_Data_Receive.RxState)
    [Anonymous Symbol]                       0x20000435   Section        0  openmv.o(.bss.OpenMV_Data_Receive.RxState)
    angle6                                   0x20000438   Data           4  motor.o(.bss.angle6)
    [Anonymous Symbol]                       0x20000438   Section        0  motor.o(.bss.angle6)
    pidController1.ek1                       0x20000804   Data           4  pid.o(.bss.pidController1.ek1)
    [Anonymous Symbol]                       0x20000804   Section        0  pid.o(.bss.pidController1.ek1)
    pidController1.ek2                       0x20000808   Data           4  pid.o(.bss.pidController1.ek2)
    [Anonymous Symbol]                       0x20000808   Section        0  pid.o(.bss.pidController1.ek2)
    pidController1.u1                        0x2000080c   Data           4  pid.o(.bss.pidController1.u1)
    [Anonymous Symbol]                       0x2000080c   Section        0  pid.o(.bss.pidController1.u1)
    pidController2.ek1                       0x20000810   Data           4  pid.o(.bss.pidController2.ek1)
    [Anonymous Symbol]                       0x20000810   Section        0  pid.o(.bss.pidController2.ek1)
    pidController2.ek2                       0x20000814   Data           4  pid.o(.bss.pidController2.ek2)
    [Anonymous Symbol]                       0x20000814   Section        0  pid.o(.bss.pidController2.ek2)
    pidController2.u1                        0x20000818   Data           4  pid.o(.bss.pidController2.u1)
    [Anonymous Symbol]                       0x20000818   Section        0  pid.o(.bss.pidController2.u1)
    pidController3.ek1                       0x2000081c   Data           4  pid.o(.bss.pidController3.ek1)
    [Anonymous Symbol]                       0x2000081c   Section        0  pid.o(.bss.pidController3.ek1)
    pidController3.ek2                       0x20000820   Data           4  pid.o(.bss.pidController3.ek2)
    [Anonymous Symbol]                       0x20000820   Section        0  pid.o(.bss.pidController3.ek2)
    pidController3.u1                        0x20000824   Data           4  pid.o(.bss.pidController3.u1)
    [Anonymous Symbol]                       0x20000824   Section        0  pid.o(.bss.pidController3.u1)
    pidController4.ek1                       0x20000828   Data           4  pid.o(.bss.pidController4.ek1)
    [Anonymous Symbol]                       0x20000828   Section        0  pid.o(.bss.pidController4.ek1)
    pidController4.ek2                       0x2000082c   Data           4  pid.o(.bss.pidController4.ek2)
    [Anonymous Symbol]                       0x2000082c   Section        0  pid.o(.bss.pidController4.ek2)
    pidController4.u1                        0x20000830   Data           4  pid.o(.bss.pidController4.u1)
    [Anonymous Symbol]                       0x20000830   Section        0  pid.o(.bss.pidController4.u1)
    STACK                                    0x20000860   Section     1024  startup_stm32f407xx.o(STACK)

    Global Symbols

    Symbol Name                              Value     Ov Type        Size  Object(Section)

    BuildAttributes$$THM_ISAv4$E$P$D$K$B$S$7EM$VFPi3$EXTD16$VFPS$VFMA$PE$A:L22UL41UL21$X:L11$S22US41US21$IEEE1$IW$~IW$USESV6$~STKCKD$USESV7$~SHL$OTIME$ROPI$IEEEJ$EBA8$MICROLIB$REQ8$PRES8$EABIv2 0x00000000   Number         0  anon$$obj.o ABSOLUTE
    _printf_a                                0x00000000   Number         0  printfstubs.o ABSOLUTE
    _printf_c                                0x00000000   Number         0  printfstubs.o ABSOLUTE
    _printf_charcount                        0x00000000   Number         0  printfstubs.o ABSOLUTE
    _printf_d                                0x00000000   Number         0  printfstubs.o ABSOLUTE
    _printf_e                                0x00000000   Number         0  printfstubs.o ABSOLUTE
    _printf_f                                0x00000000   Number         0  printfstubs.o ABSOLUTE
    _printf_flags                            0x00000000   Number         0  printfstubs.o ABSOLUTE
    _printf_fp_dec                           0x00000000   Number         0  printfstubs.o ABSOLUTE
    _printf_fp_hex                           0x00000000   Number         0  printfstubs.o ABSOLUTE
    _printf_g                                0x00000000   Number         0  printfstubs.o ABSOLUTE
    _printf_i                                0x00000000   Number         0  printfstubs.o ABSOLUTE
    _printf_int_dec                          0x00000000   Number         0  printfstubs.o ABSOLUTE
    _printf_l                                0x00000000   Number         0  printfstubs.o ABSOLUTE
    _printf_lc                               0x00000000   Number         0  printfstubs.o ABSOLUTE
    _printf_ll                               0x00000000   Number         0  printfstubs.o ABSOLUTE
    _printf_lld                              0x00000000   Number         0  printfstubs.o ABSOLUTE
    _printf_lli                              0x00000000   Number         0  printfstubs.o ABSOLUTE
    _printf_llo                              0x00000000   Number         0  printfstubs.o ABSOLUTE
    _printf_llu                              0x00000000   Number         0  printfstubs.o ABSOLUTE
    _printf_llx                              0x00000000   Number         0  printfstubs.o ABSOLUTE
    _printf_longlong_dec                     0x00000000   Number         0  printfstubs.o ABSOLUTE
    _printf_longlong_hex                     0x00000000   Number         0  printfstubs.o ABSOLUTE
    _printf_longlong_oct                     0x00000000   Number         0  printfstubs.o ABSOLUTE
    _printf_ls                               0x00000000   Number         0  printfstubs.o ABSOLUTE
    _printf_mbtowc                           0x00000000   Number         0  printfstubs.o ABSOLUTE
    _printf_n                                0x00000000   Number         0  printfstubs.o ABSOLUTE
    _printf_o                                0x00000000   Number         0  printfstubs.o ABSOLUTE
    _printf_p                                0x00000000   Number         0  printfstubs.o ABSOLUTE
    _printf_percent                          0x00000000   Number         0  printfstubs.o ABSOLUTE
    _printf_pre_padding                      0x00000000   Number         0  printfstubs.o ABSOLUTE
    _printf_return_value                     0x00000000   Number         0  printfstubs.o ABSOLUTE
    _printf_s                                0x00000000   Number         0  printfstubs.o ABSOLUTE
    _printf_sizespec                         0x00000000   Number         0  printfstubs.o ABSOLUTE
    _printf_str                              0x00000000   Number         0  printfstubs.o ABSOLUTE
    _printf_truncate_signed                  0x00000000   Number         0  printfstubs.o ABSOLUTE
    _printf_truncate_unsigned                0x00000000   Number         0  printfstubs.o ABSOLUTE
    _printf_u                                0x00000000   Number         0  printfstubs.o ABSOLUTE
    _printf_wc                               0x00000000   Number         0  printfstubs.o ABSOLUTE
    _printf_wctomb                           0x00000000   Number         0  printfstubs.o ABSOLUTE
    _printf_widthprec                        0x00000000   Number         0  printfstubs.o ABSOLUTE
    _printf_x                                0x00000000   Number         0  printfstubs.o ABSOLUTE
    __cpp_initialize__aeabi_                  - Undefined Weak Reference
    __cxa_finalize                            - Undefined Weak Reference
    __decompress                              - Undefined Weak Reference
    _clock_init                               - Undefined Weak Reference
    _microlib_exit                            - Undefined Weak Reference
    _scanf_int                                - Undefined Weak Reference
    _scanf_longlong                           - Undefined Weak Reference
    _scanf_string                             - Undefined Weak Reference
    __Vectors_Size                           0x00000188   Number         0  startup_stm32f407xx.o ABSOLUTE
    __Vectors                                0x08000000   Data           4  startup_stm32f407xx.o(RESET)
    __Vectors_End                            0x08000188   Data           0  startup_stm32f407xx.o(RESET)
    __main                                   0x08000189   Thumb Code     0  entry.o(.ARM.Collect$$$$00000000)
    _main_stk                                0x08000189   Thumb Code     0  entry2.o(.ARM.Collect$$$$00000001)
    _main_scatterload                        0x0800018d   Thumb Code     0  entry5.o(.ARM.Collect$$$$00000004)
    __main_after_scatterload                 0x08000191   Thumb Code     0  entry5.o(.ARM.Collect$$$$00000004)
    _main_clock                              0x08000191   Thumb Code     0  entry7b.o(.ARM.Collect$$$$00000008)
    _main_cpp_init                           0x08000191   Thumb Code     0  entry8b.o(.ARM.Collect$$$$0000000A)
    _main_init                               0x08000191   Thumb Code     0  entry9a.o(.ARM.Collect$$$$0000000B)
    __rt_final_cpp                           0x08000199   Thumb Code     0  entry10a.o(.ARM.Collect$$$$0000000D)
    __rt_final_exit                          0x08000199   Thumb Code     0  entry11a.o(.ARM.Collect$$$$0000000F)
    Reset_Handler                            0x0800019d   Thumb Code     8  startup_stm32f407xx.o(.text)
    ADC_IRQHandler                           0x080001b7   Thumb Code     0  startup_stm32f407xx.o(.text)
    CAN1_RX0_IRQHandler                      0x080001b7   Thumb Code     0  startup_stm32f407xx.o(.text)
    CAN1_RX1_IRQHandler                      0x080001b7   Thumb Code     0  startup_stm32f407xx.o(.text)
    CAN1_SCE_IRQHandler                      0x080001b7   Thumb Code     0  startup_stm32f407xx.o(.text)
    CAN1_TX_IRQHandler                       0x080001b7   Thumb Code     0  startup_stm32f407xx.o(.text)
    CAN2_RX0_IRQHandler                      0x080001b7   Thumb Code     0  startup_stm32f407xx.o(.text)
    CAN2_RX1_IRQHandler                      0x080001b7   Thumb Code     0  startup_stm32f407xx.o(.text)
    CAN2_SCE_IRQHandler                      0x080001b7   Thumb Code     0  startup_stm32f407xx.o(.text)
    CAN2_TX_IRQHandler                       0x080001b7   Thumb Code     0  startup_stm32f407xx.o(.text)
    DCMI_IRQHandler                          0x080001b7   Thumb Code     0  startup_stm32f407xx.o(.text)
    DMA1_Stream0_IRQHandler                  0x080001b7   Thumb Code     0  startup_stm32f407xx.o(.text)
    DMA1_Stream1_IRQHandler                  0x080001b7   Thumb Code     0  startup_stm32f407xx.o(.text)
    DMA1_Stream2_IRQHandler                  0x080001b7   Thumb Code     0  startup_stm32f407xx.o(.text)
    DMA1_Stream3_IRQHandler                  0x080001b7   Thumb Code     0  startup_stm32f407xx.o(.text)
    DMA1_Stream4_IRQHandler                  0x080001b7   Thumb Code     0  startup_stm32f407xx.o(.text)
    DMA1_Stream5_IRQHandler                  0x080001b7   Thumb Code     0  startup_stm32f407xx.o(.text)
    DMA1_Stream6_IRQHandler                  0x080001b7   Thumb Code     0  startup_stm32f407xx.o(.text)
    DMA1_Stream7_IRQHandler                  0x080001b7   Thumb Code     0  startup_stm32f407xx.o(.text)
    DMA2_Stream0_IRQHandler                  0x080001b7   Thumb Code     0  startup_stm32f407xx.o(.text)
    DMA2_Stream1_IRQHandler                  0x080001b7   Thumb Code     0  startup_stm32f407xx.o(.text)
    DMA2_Stream2_IRQHandler                  0x080001b7   Thumb Code     0  startup_stm32f407xx.o(.text)
    DMA2_Stream3_IRQHandler                  0x080001b7   Thumb Code     0  startup_stm32f407xx.o(.text)
    DMA2_Stream4_IRQHandler                  0x080001b7   Thumb Code     0  startup_stm32f407xx.o(.text)
    DMA2_Stream5_IRQHandler                  0x080001b7   Thumb Code     0  startup_stm32f407xx.o(.text)
    DMA2_Stream6_IRQHandler                  0x080001b7   Thumb Code     0  startup_stm32f407xx.o(.text)
    DMA2_Stream7_IRQHandler                  0x080001b7   Thumb Code     0  startup_stm32f407xx.o(.text)
    ETH_IRQHandler                           0x080001b7   Thumb Code     0  startup_stm32f407xx.o(.text)
    ETH_WKUP_IRQHandler                      0x080001b7   Thumb Code     0  startup_stm32f407xx.o(.text)
    EXTI0_IRQHandler                         0x080001b7   Thumb Code     0  startup_stm32f407xx.o(.text)
    EXTI15_10_IRQHandler                     0x080001b7   Thumb Code     0  startup_stm32f407xx.o(.text)
    EXTI1_IRQHandler                         0x080001b7   Thumb Code     0  startup_stm32f407xx.o(.text)
    EXTI2_IRQHandler                         0x080001b7   Thumb Code     0  startup_stm32f407xx.o(.text)
    EXTI3_IRQHandler                         0x080001b7   Thumb Code     0  startup_stm32f407xx.o(.text)
    EXTI4_IRQHandler                         0x080001b7   Thumb Code     0  startup_stm32f407xx.o(.text)
    EXTI9_5_IRQHandler                       0x080001b7   Thumb Code     0  startup_stm32f407xx.o(.text)
    FLASH_IRQHandler                         0x080001b7   Thumb Code     0  startup_stm32f407xx.o(.text)
    FMC_IRQHandler                           0x080001b7   Thumb Code     0  startup_stm32f407xx.o(.text)
    FPU_IRQHandler                           0x080001b7   Thumb Code     0  startup_stm32f407xx.o(.text)
    HASH_RNG_IRQHandler                      0x080001b7   Thumb Code     0  startup_stm32f407xx.o(.text)
    I2C1_ER_IRQHandler                       0x080001b7   Thumb Code     0  startup_stm32f407xx.o(.text)
    I2C1_EV_IRQHandler                       0x080001b7   Thumb Code     0  startup_stm32f407xx.o(.text)
    I2C2_ER_IRQHandler                       0x080001b7   Thumb Code     0  startup_stm32f407xx.o(.text)
    I2C2_EV_IRQHandler                       0x080001b7   Thumb Code     0  startup_stm32f407xx.o(.text)
    I2C3_ER_IRQHandler                       0x080001b7   Thumb Code     0  startup_stm32f407xx.o(.text)
    I2C3_EV_IRQHandler                       0x080001b7   Thumb Code     0  startup_stm32f407xx.o(.text)
    OTG_FS_IRQHandler                        0x080001b7   Thumb Code     0  startup_stm32f407xx.o(.text)
    OTG_FS_WKUP_IRQHandler                   0x080001b7   Thumb Code     0  startup_stm32f407xx.o(.text)
    OTG_HS_EP1_IN_IRQHandler                 0x080001b7   Thumb Code     0  startup_stm32f407xx.o(.text)
    OTG_HS_EP1_OUT_IRQHandler                0x080001b7   Thumb Code     0  startup_stm32f407xx.o(.text)
    OTG_HS_IRQHandler                        0x080001b7   Thumb Code     0  startup_stm32f407xx.o(.text)
    OTG_HS_WKUP_IRQHandler                   0x080001b7   Thumb Code     0  startup_stm32f407xx.o(.text)
    PVD_IRQHandler                           0x080001b7   Thumb Code     0  startup_stm32f407xx.o(.text)
    RCC_IRQHandler                           0x080001b7   Thumb Code     0  startup_stm32f407xx.o(.text)
    RTC_Alarm_IRQHandler                     0x080001b7   Thumb Code     0  startup_stm32f407xx.o(.text)
    RTC_WKUP_IRQHandler                      0x080001b7   Thumb Code     0  startup_stm32f407xx.o(.text)
    SDIO_IRQHandler                          0x080001b7   Thumb Code     0  startup_stm32f407xx.o(.text)
    SPI1_IRQHandler                          0x080001b7   Thumb Code     0  startup_stm32f407xx.o(.text)
    SPI2_IRQHandler                          0x080001b7   Thumb Code     0  startup_stm32f407xx.o(.text)
    SPI3_IRQHandler                          0x080001b7   Thumb Code     0  startup_stm32f407xx.o(.text)
    TAMP_STAMP_IRQHandler                    0x080001b7   Thumb Code     0  startup_stm32f407xx.o(.text)
    TIM1_BRK_TIM9_IRQHandler                 0x080001b7   Thumb Code     0  startup_stm32f407xx.o(.text)
    TIM1_CC_IRQHandler                       0x080001b7   Thumb Code     0  startup_stm32f407xx.o(.text)
    TIM1_TRG_COM_TIM11_IRQHandler            0x080001b7   Thumb Code     0  startup_stm32f407xx.o(.text)
    TIM1_UP_TIM10_IRQHandler                 0x080001b7   Thumb Code     0  startup_stm32f407xx.o(.text)
    TIM2_IRQHandler                          0x080001b7   Thumb Code     0  startup_stm32f407xx.o(.text)
    TIM3_IRQHandler                          0x080001b7   Thumb Code     0  startup_stm32f407xx.o(.text)
    TIM4_IRQHandler                          0x080001b7   Thumb Code     0  startup_stm32f407xx.o(.text)
    TIM5_IRQHandler                          0x080001b7   Thumb Code     0  startup_stm32f407xx.o(.text)
    TIM6_DAC_IRQHandler                      0x080001b7   Thumb Code     0  startup_stm32f407xx.o(.text)
    TIM8_BRK_TIM12_IRQHandler                0x080001b7   Thumb Code     0  startup_stm32f407xx.o(.text)
    TIM8_CC_IRQHandler                       0x080001b7   Thumb Code     0  startup_stm32f407xx.o(.text)
    TIM8_TRG_COM_TIM14_IRQHandler            0x080001b7   Thumb Code     0  startup_stm32f407xx.o(.text)
    TIM8_UP_TIM13_IRQHandler                 0x080001b7   Thumb Code     0  startup_stm32f407xx.o(.text)
    UART4_IRQHandler                         0x080001b7   Thumb Code     0  startup_stm32f407xx.o(.text)
    UART5_IRQHandler                         0x080001b7   Thumb Code     0  startup_stm32f407xx.o(.text)
    USART3_IRQHandler                        0x080001b7   Thumb Code     0  startup_stm32f407xx.o(.text)
    USART6_IRQHandler                        0x080001b7   Thumb Code     0  startup_stm32f407xx.o(.text)
    WWDG_IRQHandler                          0x080001b7   Thumb Code     0  startup_stm32f407xx.o(.text)
    __aeabi_uldivmod                         0x080001c1   Thumb Code    98  uldiv.o(.text)
    __aeabi_memset                           0x08000223   Thumb Code    14  memseta.o(.text)
    __aeabi_memset4                          0x08000223   Thumb Code     0  memseta.o(.text)
    __aeabi_memset8                          0x08000223   Thumb Code     0  memseta.o(.text)
    __aeabi_memclr                           0x08000231   Thumb Code     4  memseta.o(.text)
    __aeabi_memclr4                          0x08000231   Thumb Code     0  memseta.o(.text)
    __aeabi_memclr8                          0x08000231   Thumb Code     0  memseta.o(.text)
    _memset$wrapper                          0x08000235   Thumb Code    18  memseta.o(.text)
    __aeabi_dadd                             0x08000247   Thumb Code   322  dadd.o(.text)
    __aeabi_dsub                             0x08000389   Thumb Code     6  dadd.o(.text)
    __aeabi_drsub                            0x0800038f   Thumb Code     6  dadd.o(.text)
    __aeabi_dmul                             0x08000395   Thumb Code   228  dmul.o(.text)
    __aeabi_ddiv                             0x08000479   Thumb Code   222  ddiv.o(.text)
    __aeabi_f2d                              0x08000557   Thumb Code    38  f2d.o(.text)
    __aeabi_d2f                              0x0800057d   Thumb Code    56  d2f.o(.text)
    __aeabi_llsl                             0x080005b5   Thumb Code    30  llshl.o(.text)
    _ll_shift_l                              0x080005b5   Thumb Code     0  llshl.o(.text)
    __aeabi_llsr                             0x080005d3   Thumb Code    32  llushr.o(.text)
    _ll_ushift_r                             0x080005d3   Thumb Code     0  llushr.o(.text)
    __aeabi_lasr                             0x080005f3   Thumb Code    36  llsshr.o(.text)
    _ll_sshift_r                             0x080005f3   Thumb Code     0  llsshr.o(.text)
    __I$use$fp                               0x08000617   Thumb Code     0  iusefp.o(.text)
    _float_round                             0x08000617   Thumb Code    18  fepilogue.o(.text)
    _float_epilogue                          0x08000629   Thumb Code    92  fepilogue.o(.text)
    _double_round                            0x08000685   Thumb Code    30  depilogue.o(.text)
    _double_epilogue                         0x080006a3   Thumb Code   156  depilogue.o(.text)
    __scatterload                            0x08000741   Thumb Code    28  init.o(.text)
    __scatterload_rt2                        0x08000741   Thumb Code     0  init.o(.text)
    BusFault_Handler                         0x08000765   Thumb Code     2  stm32f4xx_it.o(.text.BusFault_Handler)
    DebugMon_Handler                         0x08000769   Thumb Code     2  stm32f4xx_it.o(.text.DebugMon_Handler)
    Error_Handler                            0x0800076d   Thumb Code    10  main.o(.text.Error_Handler)
    HAL_DMA_Abort                            0x08000779   Thumb Code   128  stm32f4xx_hal_dma.o(.text.HAL_DMA_Abort)
    HAL_DMA_Abort_IT                         0x080007f9   Thumb Code    36  stm32f4xx_hal_dma.o(.text.HAL_DMA_Abort_IT)
    HAL_Delay                                0x0800081d   Thumb Code    40  stm32f4xx_hal.o(.text.HAL_Delay)
    HAL_GPIO_Init                            0x08000845   Thumb Code   412  stm32f4xx_hal_gpio.o(.text.HAL_GPIO_Init)
    HAL_GPIO_ReadPin                         0x080009e1   Thumb Code    10  stm32f4xx_hal_gpio.o(.text.HAL_GPIO_ReadPin)
    HAL_GPIO_WritePin                        0x080009ed   Thumb Code    10  stm32f4xx_hal_gpio.o(.text.HAL_GPIO_WritePin)
    HAL_GetTick                              0x080009f9   Thumb Code    12  stm32f4xx_hal.o(.text.HAL_GetTick)
    HAL_IncTick                              0x08000a05   Thumb Code    26  stm32f4xx_hal.o(.text.HAL_IncTick)
    HAL_Init                                 0x08000a21   Thumb Code    54  stm32f4xx_hal.o(.text.HAL_Init)
    HAL_InitTick                             0x08000a59   Thumb Code    80  stm32f4xx_hal.o(.text.HAL_InitTick)
    HAL_MspInit                              0x08000aa9   Thumb Code    56  stm32f4xx_hal_msp.o(.text.HAL_MspInit)
    HAL_NVIC_EnableIRQ                       0x08000ae1   Thumb Code    32  stm32f4xx_hal_cortex.o(.text.HAL_NVIC_EnableIRQ)
    HAL_NVIC_SetPriority                     0x08000b01   Thumb Code    86  stm32f4xx_hal_cortex.o(.text.HAL_NVIC_SetPriority)
    HAL_NVIC_SetPriorityGrouping             0x08000b59   Thumb Code    32  stm32f4xx_hal_cortex.o(.text.HAL_NVIC_SetPriorityGrouping)
    HAL_RCC_ClockConfig                      0x08000b79   Thumb Code   352  stm32f4xx_hal_rcc.o(.text.HAL_RCC_ClockConfig)
    HAL_RCC_GetPCLK1Freq                     0x08000cd9   Thumb Code    38  stm32f4xx_hal_rcc.o(.text.HAL_RCC_GetPCLK1Freq)
    HAL_RCC_GetPCLK2Freq                     0x08000d01   Thumb Code    38  stm32f4xx_hal_rcc.o(.text.HAL_RCC_GetPCLK2Freq)
    HAL_RCC_GetSysClockFreq                  0x08000d29   Thumb Code   104  stm32f4xx_hal_rcc.o(.text.HAL_RCC_GetSysClockFreq)
    HAL_RCC_OscConfig                        0x08000d91   Thumb Code   836  stm32f4xx_hal_rcc.o(.text.HAL_RCC_OscConfig)
    HAL_SYSTICK_Config                       0x080010d5   Thumb Code    44  stm32f4xx_hal_cortex.o(.text.HAL_SYSTICK_Config)
    HAL_TIMEx_BreakCallback                  0x08001101   Thumb Code     2  stm32f4xx_hal_tim_ex.o(.text.HAL_TIMEx_BreakCallback)
    HAL_TIMEx_CommutCallback                 0x08001105   Thumb Code     2  stm32f4xx_hal_tim_ex.o(.text.HAL_TIMEx_CommutCallback)
    HAL_TIMEx_ConfigBreakDeadTime            0x08001109   Thumb Code    76  stm32f4xx_hal_tim_ex.o(.text.HAL_TIMEx_ConfigBreakDeadTime)
    HAL_TIMEx_MasterConfigSynchronization    0x08001155   Thumb Code   184  stm32f4xx_hal_tim_ex.o(.text.HAL_TIMEx_MasterConfigSynchronization)
    HAL_TIM_Base_Init                        0x0800120d   Thumb Code    90  stm32f4xx_hal_tim.o(.text.HAL_TIM_Base_Init)
    HAL_TIM_Base_MspInit                     0x08001269   Thumb Code   258  tim.o(.text.HAL_TIM_Base_MspInit)
    HAL_TIM_Base_Start_IT                    0x0800136d   Thumb Code   168  stm32f4xx_hal_tim.o(.text.HAL_TIM_Base_Start_IT)
    HAL_TIM_ConfigClockSource                0x08001415   Thumb Code   412  stm32f4xx_hal_tim.o(.text.HAL_TIM_ConfigClockSource)
    HAL_TIM_Encoder_Init                     0x080015b1   Thumb Code   178  stm32f4xx_hal_tim.o(.text.HAL_TIM_Encoder_Init)
    HAL_TIM_Encoder_MspInit                  0x08001665   Thumb Code   376  tim.o(.text.HAL_TIM_Encoder_MspInit)
    HAL_TIM_Encoder_Start                    0x080017dd   Thumb Code   204  stm32f4xx_hal_tim.o(.text.HAL_TIM_Encoder_Start)
    HAL_TIM_IC_CaptureCallback               0x080018a9   Thumb Code     2  stm32f4xx_hal_tim.o(.text.HAL_TIM_IC_CaptureCallback)
    HAL_TIM_IRQHandler                       0x080018ad   Thumb Code   362  stm32f4xx_hal_tim.o(.text.HAL_TIM_IRQHandler)
    HAL_TIM_MspPostInit                      0x08001a19   Thumb Code   388  tim.o(.text.HAL_TIM_MspPostInit)
    HAL_TIM_OC_DelayElapsedCallback          0x08001b9d   Thumb Code     2  stm32f4xx_hal_tim.o(.text.HAL_TIM_OC_DelayElapsedCallback)
    HAL_TIM_PWM_ConfigChannel                0x08001ba1   Thumb Code   536  stm32f4xx_hal_tim.o(.text.HAL_TIM_PWM_ConfigChannel)
    HAL_TIM_PWM_Init                         0x08001db9   Thumb Code    90  stm32f4xx_hal_tim.o(.text.HAL_TIM_PWM_Init)
    HAL_TIM_PWM_MspInit                      0x08001e15   Thumb Code    96  tim.o(.text.HAL_TIM_PWM_MspInit)
    HAL_TIM_PWM_PulseFinishedCallback        0x08001e75   Thumb Code     2  stm32f4xx_hal_tim.o(.text.HAL_TIM_PWM_PulseFinishedCallback)
    HAL_TIM_PWM_Start                        0x08001e79   Thumb Code   302  stm32f4xx_hal_tim.o(.text.HAL_TIM_PWM_Start)
    HAL_TIM_PeriodElapsedCallback            0x08001fa9   Thumb Code   484  main.o(.text.HAL_TIM_PeriodElapsedCallback)
    HAL_TIM_TriggerCallback                  0x0800218d   Thumb Code     2  stm32f4xx_hal_tim.o(.text.HAL_TIM_TriggerCallback)
    HAL_UARTEx_RxEventCallback               0x08002191   Thumb Code     2  stm32f4xx_hal_uart.o(.text.HAL_UARTEx_RxEventCallback)
    HAL_UART_ErrorCallback                   0x08002195   Thumb Code     2  stm32f4xx_hal_uart.o(.text.HAL_UART_ErrorCallback)
    HAL_UART_IRQHandler                      0x08002199   Thumb Code   766  stm32f4xx_hal_uart.o(.text.HAL_UART_IRQHandler)
    HAL_UART_Init                            0x08002499   Thumb Code    94  stm32f4xx_hal_uart.o(.text.HAL_UART_Init)
    HAL_UART_MspInit                         0x080024f9   Thumb Code   212  usart.o(.text.HAL_UART_MspInit)
    HAL_UART_Receive_IT                      0x080025cd   Thumb Code    86  stm32f4xx_hal_uart.o(.text.HAL_UART_Receive_IT)
    HAL_UART_RxCpltCallback                  0x08002625   Thumb Code    56  main.o(.text.HAL_UART_RxCpltCallback)
    HAL_UART_TxCpltCallback                  0x0800265d   Thumb Code     2  stm32f4xx_hal_uart.o(.text.HAL_UART_TxCpltCallback)
    HardFault_Handler                        0x08002661   Thumb Code     2  stm32f4xx_it.o(.text.HardFault_Handler)
    MX_GPIO_Init                             0x08002665   Thumb Code   228  gpio.o(.text.MX_GPIO_Init)
    MX_TIM10_Init                            0x08002749   Thumb Code   140  tim.o(.text.MX_TIM10_Init)
    MX_TIM11_Init                            0x080027d5   Thumb Code   140  tim.o(.text.MX_TIM11_Init)
    MX_TIM12_Init                            0x08002861   Thumb Code   140  tim.o(.text.MX_TIM12_Init)
    MX_TIM1_Init                             0x080028ed   Thumb Code   346  tim.o(.text.MX_TIM1_Init)
    MX_TIM2_Init                             0x08002a49   Thumb Code   116  tim.o(.text.MX_TIM2_Init)
    MX_TIM3_Init                             0x08002abd   Thumb Code   120  tim.o(.text.MX_TIM3_Init)
    MX_TIM4_Init                             0x08002b35   Thumb Code   120  tim.o(.text.MX_TIM4_Init)
    MX_TIM5_Init                             0x08002bad   Thumb Code   120  tim.o(.text.MX_TIM5_Init)
    MX_TIM7_Init                             0x08002c25   Thumb Code    84  tim.o(.text.MX_TIM7_Init)
    MX_TIM8_Init                             0x08002c79   Thumb Code   288  tim.o(.text.MX_TIM8_Init)
    MX_TIM9_Init                             0x08002d99   Thumb Code   200  tim.o(.text.MX_TIM9_Init)
    MX_USART1_UART_Init                      0x08002e61   Thumb Code    60  usart.o(.text.MX_USART1_UART_Init)
    MX_USART2_UART_Init                      0x08002e9d   Thumb Code    60  usart.o(.text.MX_USART2_UART_Init)
    MemManage_Handler                        0x08002ed9   Thumb Code     2  stm32f4xx_it.o(.text.MemManage_Handler)
    Motor_Calibration                        0x08002edd   Thumb Code   110  motor.o(.text.Motor_Calibration)
    Motor_Init                               0x08002f4d   Thumb Code   328  motor.o(.text.Motor_Init)
    Motor_Move_Time                          0x08003099   Thumb Code   312  motor.o(.text.Motor_Move_Time)
    Motor_Reverse                            0x080031d1   Thumb Code   216  motor.o(.text.Motor_Reverse)
    NMI_Handler                              0x080032a9   Thumb Code     2  stm32f4xx_it.o(.text.NMI_Handler)
    OLED_Display_On                          0x080032ad   Thumb Code    30  oled.o(.text.OLED_Display_On)
    OLED_Init                                0x080032cd   Thumb Code   344  oled.o(.text.OLED_Init)
    OLED_Refresh_Gram                        0x08003425   Thumb Code    76  oled.o(.text.OLED_Refresh_Gram)
    OLED_ShowChar                            0x08003471   Thumb Code   310  oled.o(.text.OLED_ShowChar)
    OLED_ShowNumber                          0x080035a9   Thumb Code   174  oled.o(.text.OLED_ShowNumber)
    OLED_ShowString                          0x08003659   Thumb Code   406  oled.o(.text.OLED_ShowString)
    OLED_WR_Byte                             0x080037f1   Thumb Code    96  oled.o(.text.OLED_WR_Byte)
    OpenMV_Data_Receive                      0x08003851   Thumb Code   468  openmv.o(.text.OpenMV_Data_Receive)
    PendSV_Handler                           0x08003a25   Thumb Code     2  stm32f4xx_it.o(.text.PendSV_Handler)
    SVC_Handler                              0x08003a29   Thumb Code     2  stm32f4xx_it.o(.text.SVC_Handler)
    Servo_Grab                               0x08003a2d   Thumb Code   982  motor.o(.text.Servo_Grab)
    Servo_Put_Down                           0x08003e05   Thumb Code  1314  motor.o(.text.Servo_Put_Down)
    SysTick_Handler                          0x08004329   Thumb Code     4  stm32f4xx_it.o(.text.SysTick_Handler)
    SystemInit                               0x0800432d   Thumb Code    18  system_stm32f4xx.o(.text.SystemInit)
    TIM7_IRQHandler                          0x08004341   Thumb Code    12  stm32f4xx_it.o(.text.TIM7_IRQHandler)
    TIM_Base_SetConfig                       0x0800434d   Thumb Code   292  stm32f4xx_hal_tim.o(.text.TIM_Base_SetConfig)
    USART1_IRQHandler                        0x08004629   Thumb Code    12  stm32f4xx_it.o(.text.USART1_IRQHandler)
    USART2_IRQHandler                        0x08004635   Thumb Code    12  stm32f4xx_it.o(.text.USART2_IRQHandler)
    UsageFault_Handler                       0x08004641   Thumb Code     2  stm32f4xx_it.o(.text.UsageFault_Handler)
    main                                     0x08004645   Thumb Code   876  main.o(.text.main)
    pidController1                           0x080049b1   Thumb Code   184  pid.o(.text.pidController1)
    pidController2                           0x08004a69   Thumb Code   184  pid.o(.text.pidController2)
    pidController3                           0x08004b21   Thumb Code   184  pid.o(.text.pidController3)
    pidController4                           0x08004bd9   Thumb Code   184  pid.o(.text.pidController4)
    __scatterload_copy                       0x08004c91   Thumb Code    14  handlers.o(i.__scatterload_copy)
    __scatterload_null                       0x08004c9f   Thumb Code     2  handlers.o(i.__scatterload_null)
    __scatterload_zeroinit                   0x08004ca1   Thumb Code    14  handlers.o(i.__scatterload_zeroinit)
    AHBPrescTable                            0x08004cae   Data          16  system_stm32f4xx.o(.rodata.AHBPrescTable)
    APBPrescTable                            0x08004cbe   Data           8  system_stm32f4xx.o(.rodata.APBPrescTable)
    oled_asc2_1206                           0x08004cc6   Data        1140  oled.o(.rodata.oled_asc2_1206)
    oled_asc2_1608                           0x0800513a   Data        1520  oled.o(.rodata.oled_asc2_1608)
    Region$$Table$$Base                      0x0800572c   Number         0  anon$$obj.o(Region$$Table)
    Region$$Table$$Limit                     0x0800574c   Number         0  anon$$obj.o(Region$$Table)
    SystemCoreClock                          0x20000000   Data           4  system_stm32f4xx.o(.data.SystemCoreClock)
    uwTickFreq                               0x20000018   Data           1  stm32f4xx_hal.o(.data.uwTickFreq)
    uwTickPrio                               0x2000001c   Data           4  stm32f4xx_hal.o(.data.uwTickPrio)
    OLED_GRAM                                0x20000020   Data        1024  oled.o(.bss.OLED_GRAM)
    ch                                       0x2000043c   Data           1  main.o(.bss.ch)
    color                                    0x20000440   Data          12  main.o(.bss.color)
    currentVelocity1                         0x2000044c   Data           4  main.o(.bss.currentVelocity1)
    currentVelocity2                         0x20000450   Data           4  main.o(.bss.currentVelocity2)
    currentVelocity3                         0x20000454   Data           4  main.o(.bss.currentVelocity3)
    currentVelocity4                         0x20000458   Data           4  main.o(.bss.currentVelocity4)
    cw                                       0x2000045c   Data           1  main.o(.bss.cw)
    cx                                       0x2000045d   Data           1  main.o(.bss.cx)
    cy                                       0x2000045e   Data           1  main.o(.bss.cy)
    htim1                                    0x20000460   Data          72  tim.o(.bss.htim1)
    htim10                                   0x200004a8   Data          72  tim.o(.bss.htim10)
    htim11                                   0x200004f0   Data          72  tim.o(.bss.htim11)
    htim12                                   0x20000538   Data          72  tim.o(.bss.htim12)
    htim2                                    0x20000580   Data          72  tim.o(.bss.htim2)
    htim3                                    0x200005c8   Data          72  tim.o(.bss.htim3)
    htim4                                    0x20000610   Data          72  tim.o(.bss.htim4)
    htim5                                    0x20000658   Data          72  tim.o(.bss.htim5)
    htim7                                    0x200006a0   Data          72  tim.o(.bss.htim7)
    htim8                                    0x200006e8   Data          72  tim.o(.bss.htim8)
    htim9                                    0x20000730   Data          72  tim.o(.bss.htim9)
    huart1                                   0x20000778   Data          68  usart.o(.bss.huart1)
    huart2                                   0x200007bc   Data          68  usart.o(.bss.huart2)
    key_state                                0x20000800   Data           4  main.o(.bss.key_state)
    seq_arr                                  0x20000834   Data          12  main.o(.bss.seq_arr)
    sequency                                 0x20000840   Data           1  main.o(.bss.sequency)
    state                                    0x20000841   Data           1  main.o(.bss.state)
    targetVelocity1                          0x20000844   Data           4  main.o(.bss.targetVelocity1)
    targetVelocity2                          0x20000848   Data           4  main.o(.bss.targetVelocity2)
    targetVelocity3                          0x2000084c   Data           4  main.o(.bss.targetVelocity3)
    targetVelocity4                          0x20000850   Data           4  main.o(.bss.targetVelocity4)
    time                                     0x20000854   Data           4  main.o(.bss.time)
    usart2_rxbuff                            0x20000858   Data           1  main.o(.bss.usart2_rxbuff)
    uwTick                                   0x2000085c   Data           4  stm32f4xx_hal.o(.bss.uwTick)
    __initial_sp                             0x20000c60   Data           0  startup_stm32f407xx.o(STACK)



==============================================================================

Memory Map of the image

  Image Entry point : 0x08000189

  Load Region LR_IROM1 (Base: 0x08000000, Size: 0x00005770, Max: 0x00080000, ABSOLUTE)

    Execution Region ER_IROM1 (Exec base: 0x08000000, Load base: 0x08000000, Size: 0x0000574c, Max: 0x00080000, ABSOLUTE)

    Exec Addr    Load Addr    Size         Type   Attr      Idx    E Section Name        Object

    0x08000000   0x08000000   0x00000188   Data   RO            3    RESET               startup_stm32f407xx.o
    0x08000188   0x08000188   0x00000000   Code   RO         1380  * .ARM.Collect$$$$00000000  mc_w.l(entry.o)
    0x08000188   0x08000188   0x00000004   Code   RO         1722    .ARM.Collect$$$$00000001  mc_w.l(entry2.o)
    0x0800018c   0x0800018c   0x00000004   Code   RO         1725    .ARM.Collect$$$$00000004  mc_w.l(entry5.o)
    0x08000190   0x08000190   0x00000000   Code   RO         1727    .ARM.Collect$$$$00000008  mc_w.l(entry7b.o)
    0x08000190   0x08000190   0x00000000   Code   RO         1729    .ARM.Collect$$$$0000000A  mc_w.l(entry8b.o)
    0x08000190   0x08000190   0x00000008   Code   RO         1730    .ARM.Collect$$$$0000000B  mc_w.l(entry9a.o)
    0x08000198   0x08000198   0x00000000   Code   RO         1732    .ARM.Collect$$$$0000000D  mc_w.l(entry10a.o)
    0x08000198   0x08000198   0x00000000   Code   RO         1734    .ARM.Collect$$$$0000000F  mc_w.l(entry11a.o)
    0x08000198   0x08000198   0x00000004   Code   RO         1723    .ARM.Collect$$$$00002712  mc_w.l(entry2.o)
    0x0800019c   0x0800019c   0x00000024   Code   RO            4    .text               startup_stm32f407xx.o
    0x080001c0   0x080001c0   0x00000062   Code   RO         1383    .text               mc_w.l(uldiv.o)
    0x08000222   0x08000222   0x00000024   Code   RO         1389    .text               mc_w.l(memseta.o)
    0x08000246   0x08000246   0x0000014e   Code   RO         1700    .text               mf_w.l(dadd.o)
    0x08000394   0x08000394   0x000000e4   Code   RO         1702    .text               mf_w.l(dmul.o)
    0x08000478   0x08000478   0x000000de   Code   RO         1704    .text               mf_w.l(ddiv.o)
    0x08000556   0x08000556   0x00000026   Code   RO         1718    .text               mf_w.l(f2d.o)
    0x0800057c   0x0800057c   0x00000038   Code   RO         1720    .text               mf_w.l(d2f.o)
    0x080005b4   0x080005b4   0x0000001e   Code   RO         1748    .text               mc_w.l(llshl.o)
    0x080005d2   0x080005d2   0x00000020   Code   RO         1750    .text               mc_w.l(llushr.o)
    0x080005f2   0x080005f2   0x00000024   Code   RO         1752    .text               mc_w.l(llsshr.o)
    0x08000616   0x08000616   0x00000000   Code   RO         1762    .text               mc_w.l(iusefp.o)
    0x08000616   0x08000616   0x0000006e   Code   RO         1763    .text               mf_w.l(fepilogue.o)
    0x08000684   0x08000684   0x000000ba   Code   RO         1765    .text               mf_w.l(depilogue.o)
    0x0800073e   0x0800073e   0x00000002   PAD
    0x08000740   0x08000740   0x00000024   Code   RO         1773    .text               mc_w.l(init.o)
    0x08000764   0x08000764   0x00000002   Code   RO          143    .text.BusFault_Handler  stm32f4xx_it.o
    0x08000766   0x08000766   0x00000002   PAD
    0x08000768   0x08000768   0x00000002   Code   RO          149    .text.DebugMon_Handler  stm32f4xx_it.o
    0x0800076a   0x0800076a   0x00000002   PAD
    0x0800076c   0x0800076c   0x0000000a   Code   RO           19    .text.Error_Handler  main.o
    0x08000776   0x08000776   0x00000002   PAD
    0x08000778   0x08000778   0x00000080   Code   RO          651    .text.HAL_DMA_Abort  stm32f4xx_hal_dma.o
    0x080007f8   0x080007f8   0x00000024   Code   RO          653    .text.HAL_DMA_Abort_IT  stm32f4xx_hal_dma.o
    0x0800081c   0x0800081c   0x00000028   Code   RO          804    .text.HAL_Delay     stm32f4xx_hal.o
    0x08000844   0x08000844   0x0000019c   Code   RO          605    .text.HAL_GPIO_Init  stm32f4xx_hal_gpio.o
    0x080009e0   0x080009e0   0x0000000a   Code   RO          609    .text.HAL_GPIO_ReadPin  stm32f4xx_hal_gpio.o
    0x080009ea   0x080009ea   0x00000002   PAD
    0x080009ec   0x080009ec   0x0000000a   Code   RO          611    .text.HAL_GPIO_WritePin  stm32f4xx_hal_gpio.o
    0x080009f6   0x080009f6   0x00000002   PAD
    0x080009f8   0x080009f8   0x0000000c   Code   RO          796    .text.HAL_GetTick   stm32f4xx_hal.o
    0x08000a04   0x08000a04   0x0000001a   Code   RO          794    .text.HAL_IncTick   stm32f4xx_hal.o
    0x08000a1e   0x08000a1e   0x00000002   PAD
    0x08000a20   0x08000a20   0x00000036   Code   RO          784    .text.HAL_Init      stm32f4xx_hal.o
    0x08000a56   0x08000a56   0x00000002   PAD
    0x08000a58   0x08000a58   0x00000050   Code   RO          786    .text.HAL_InitTick  stm32f4xx_hal.o
    0x08000aa8   0x08000aa8   0x00000038   Code   RO          168    .text.HAL_MspInit   stm32f4xx_hal_msp.o
    0x08000ae0   0x08000ae0   0x00000020   Code   RO          742    .text.HAL_NVIC_EnableIRQ  stm32f4xx_hal_cortex.o
    0x08000b00   0x08000b00   0x00000056   Code   RO          740    .text.HAL_NVIC_SetPriority  stm32f4xx_hal_cortex.o
    0x08000b56   0x08000b56   0x00000002   PAD
    0x08000b58   0x08000b58   0x00000020   Code   RO          738    .text.HAL_NVIC_SetPriorityGrouping  stm32f4xx_hal_cortex.o
    0x08000b78   0x08000b78   0x00000160   Code   RO          499    .text.HAL_RCC_ClockConfig  stm32f4xx_hal_rcc.o
    0x08000cd8   0x08000cd8   0x00000026   Code   RO          511    .text.HAL_RCC_GetPCLK1Freq  stm32f4xx_hal_rcc.o
    0x08000cfe   0x08000cfe   0x00000002   PAD
    0x08000d00   0x08000d00   0x00000026   Code   RO          513    .text.HAL_RCC_GetPCLK2Freq  stm32f4xx_hal_rcc.o
    0x08000d26   0x08000d26   0x00000002   PAD
    0x08000d28   0x08000d28   0x00000068   Code   RO          501    .text.HAL_RCC_GetSysClockFreq  stm32f4xx_hal_rcc.o
    0x08000d90   0x08000d90   0x00000344   Code   RO          497    .text.HAL_RCC_OscConfig  stm32f4xx_hal_rcc.o
    0x080010d4   0x080010d4   0x0000002c   Code   RO          750    .text.HAL_SYSTICK_Config  stm32f4xx_hal_cortex.o
    0x08001100   0x08001100   0x00000002   Code   RO          481    .text.HAL_TIMEx_BreakCallback  stm32f4xx_hal_tim_ex.o
    0x08001102   0x08001102   0x00000002   PAD
    0x08001104   0x08001104   0x00000002   Code   RO          477    .text.HAL_TIMEx_CommutCallback  stm32f4xx_hal_tim_ex.o
    0x08001106   0x08001106   0x00000002   PAD
    0x08001108   0x08001108   0x0000004c   Code   RO          473    .text.HAL_TIMEx_ConfigBreakDeadTime  stm32f4xx_hal_tim_ex.o
    0x08001154   0x08001154   0x000000b8   Code   RO          471    .text.HAL_TIMEx_MasterConfigSynchronization  stm32f4xx_hal_tim_ex.o
    0x0800120c   0x0800120c   0x0000005a   Code   RO          176    .text.HAL_TIM_Base_Init  stm32f4xx_hal_tim.o
    0x08001266   0x08001266   0x00000002   PAD
    0x08001268   0x08001268   0x00000102   Code   RO           88    .text.HAL_TIM_Base_MspInit  tim.o
    0x0800136a   0x0800136a   0x00000002   PAD
    0x0800136c   0x0800136c   0x000000a8   Code   RO          190    .text.HAL_TIM_Base_Start_IT  stm32f4xx_hal_tim.o
    0x08001414   0x08001414   0x0000019c   Code   RO          356    .text.HAL_TIM_ConfigClockSource  stm32f4xx_hal_tim.o
    0x080015b0   0x080015b0   0x000000b2   Code   RO          290    .text.HAL_TIM_Encoder_Init  stm32f4xx_hal_tim.o
    0x08001662   0x08001662   0x00000002   PAD
    0x08001664   0x08001664   0x00000178   Code   RO           90    .text.HAL_TIM_Encoder_MspInit  tim.o
    0x080017dc   0x080017dc   0x000000cc   Code   RO          298    .text.HAL_TIM_Encoder_Start  stm32f4xx_hal_tim.o
    0x080018a8   0x080018a8   0x00000002   Code   RO          312    .text.HAL_TIM_IC_CaptureCallback  stm32f4xx_hal_tim.o
    0x080018aa   0x080018aa   0x00000002   PAD
    0x080018ac   0x080018ac   0x0000016a   Code   RO          310    .text.HAL_TIM_IRQHandler  stm32f4xx_hal_tim.o
    0x08001a16   0x08001a16   0x00000002   PAD
    0x08001a18   0x08001a18   0x00000184   Code   RO           66    .text.HAL_TIM_MspPostInit  tim.o
    0x08001b9c   0x08001b9c   0x00000002   Code   RO          314    .text.HAL_TIM_OC_DelayElapsedCallback  stm32f4xx_hal_tim.o
    0x08001b9e   0x08001b9e   0x00000002   PAD
    0x08001ba0   0x08001ba0   0x00000218   Code   RO          330    .text.HAL_TIM_PWM_ConfigChannel  stm32f4xx_hal_tim.o
    0x08001db8   0x08001db8   0x0000005a   Code   RO          230    .text.HAL_TIM_PWM_Init  stm32f4xx_hal_tim.o
    0x08001e12   0x08001e12   0x00000002   PAD
    0x08001e14   0x08001e14   0x00000060   Code   RO           92    .text.HAL_TIM_PWM_MspInit  tim.o
    0x08001e74   0x08001e74   0x00000002   Code   RO          316    .text.HAL_TIM_PWM_PulseFinishedCallback  stm32f4xx_hal_tim.o
    0x08001e76   0x08001e76   0x00000002   PAD
    0x08001e78   0x08001e78   0x0000012e   Code   RO          238    .text.HAL_TIM_PWM_Start  stm32f4xx_hal_tim.o
    0x08001fa6   0x08001fa6   0x00000002   PAD
    0x08001fa8   0x08001fa8   0x000001e4   Code   RO           21    .text.HAL_TIM_PeriodElapsedCallback  main.o
    0x0800218c   0x0800218c   0x00000002   Code   RO          320    .text.HAL_TIM_TriggerCallback  stm32f4xx_hal_tim.o
    0x0800218e   0x0800218e   0x00000002   PAD
    0x08002190   0x08002190   0x00000002   Code   RO          959    .text.HAL_UARTEx_RxEventCallback  stm32f4xx_hal_uart.o
    0x08002192   0x08002192   0x00000002   PAD
    0x08002194   0x08002194   0x00000002   Code   RO          957    .text.HAL_UART_ErrorCallback  stm32f4xx_hal_uart.o
    0x08002196   0x08002196   0x00000002   PAD
    0x08002198   0x08002198   0x000002fe   Code   RO          951    .text.HAL_UART_IRQHandler  stm32f4xx_hal_uart.o
    0x08002496   0x08002496   0x00000002   PAD
    0x08002498   0x08002498   0x0000005e   Code   RO          875    .text.HAL_UART_Init  stm32f4xx_hal_uart.o
    0x080024f6   0x080024f6   0x00000002   PAD
    0x080024f8   0x080024f8   0x000000d4   Code   RO          123    .text.HAL_UART_MspInit  usart.o
    0x080025cc   0x080025cc   0x00000056   Code   RO          897    .text.HAL_UART_Receive_IT  stm32f4xx_hal_uart.o
    0x08002622   0x08002622   0x00000002   PAD
    0x08002624   0x08002624   0x00000038   Code   RO           23    .text.HAL_UART_RxCpltCallback  main.o
    0x0800265c   0x0800265c   0x00000002   Code   RO          961    .text.HAL_UART_TxCpltCallback  stm32f4xx_hal_uart.o
    0x0800265e   0x0800265e   0x00000002   PAD
    0x08002660   0x08002660   0x00000002   Code   RO          139    .text.HardFault_Handler  stm32f4xx_it.o
    0x08002662   0x08002662   0x00000002   PAD
    0x08002664   0x08002664   0x000000e4   Code   RO           55    .text.MX_GPIO_Init  gpio.o
    0x08002748   0x08002748   0x0000008c   Code   RO           82    .text.MX_TIM10_Init  tim.o
    0x080027d4   0x080027d4   0x0000008c   Code   RO           84    .text.MX_TIM11_Init  tim.o
    0x08002860   0x08002860   0x0000008c   Code   RO           86    .text.MX_TIM12_Init  tim.o
    0x080028ec   0x080028ec   0x0000015a   Code   RO           64    .text.MX_TIM1_Init  tim.o
    0x08002a46   0x08002a46   0x00000002   PAD
    0x08002a48   0x08002a48   0x00000074   Code   RO           68    .text.MX_TIM2_Init  tim.o
    0x08002abc   0x08002abc   0x00000078   Code   RO           70    .text.MX_TIM3_Init  tim.o
    0x08002b34   0x08002b34   0x00000078   Code   RO           72    .text.MX_TIM4_Init  tim.o
    0x08002bac   0x08002bac   0x00000078   Code   RO           74    .text.MX_TIM5_Init  tim.o
    0x08002c24   0x08002c24   0x00000054   Code   RO           76    .text.MX_TIM7_Init  tim.o
    0x08002c78   0x08002c78   0x00000120   Code   RO           78    .text.MX_TIM8_Init  tim.o
    0x08002d98   0x08002d98   0x000000c8   Code   RO           80    .text.MX_TIM9_Init  tim.o
    0x08002e60   0x08002e60   0x0000003c   Code   RO          119    .text.MX_USART1_UART_Init  usart.o
    0x08002e9c   0x08002e9c   0x0000003c   Code   RO          121    .text.MX_USART2_UART_Init  usart.o
    0x08002ed8   0x08002ed8   0x00000002   Code   RO          141    .text.MemManage_Handler  stm32f4xx_it.o
    0x08002eda   0x08002eda   0x00000002   PAD
    0x08002edc   0x08002edc   0x0000006e   Code   RO         1306    .text.Motor_Calibration  motor.o
    0x08002f4a   0x08002f4a   0x00000002   PAD
    0x08002f4c   0x08002f4c   0x00000148   Code   RO         1302    .text.Motor_Init    motor.o
    0x08003094   0x08003094   0x00000004   PAD
    0x08003098   0x08003098   0x00000138   Code   RO         1298    .text.Motor_Move_Time  motor.o
    0x080031d0   0x080031d0   0x000000d8   Code   RO         1294    .text.Motor_Reverse  motor.o
    0x080032a8   0x080032a8   0x00000002   Code   RO          137    .text.NMI_Handler   stm32f4xx_it.o
    0x080032aa   0x080032aa   0x00000002   PAD
    0x080032ac   0x080032ac   0x0000001e   Code   RO         1344    .text.OLED_Display_On  oled.o
    0x080032ca   0x080032ca   0x00000002   PAD
    0x080032cc   0x080032cc   0x00000158   Code   RO         1360    .text.OLED_Init     oled.o
    0x08003424   0x08003424   0x0000004c   Code   RO         1340    .text.OLED_Refresh_Gram  oled.o
    0x08003470   0x08003470   0x00000136   Code   RO         1352    .text.OLED_ShowChar  oled.o
    0x080035a6   0x080035a6   0x00000002   PAD
    0x080035a8   0x080035a8   0x000000ae   Code   RO         1356    .text.OLED_ShowNumber  oled.o
    0x08003656   0x08003656   0x00000002   PAD
    0x08003658   0x08003658   0x00000196   Code   RO         1358    .text.OLED_ShowString  oled.o
    0x080037ee   0x080037ee   0x00000002   PAD
    0x080037f0   0x080037f0   0x00000060   Code   RO         1342    .text.OLED_WR_Byte  oled.o
    0x08003850   0x08003850   0x000001d4   Code   RO         1328    .text.OpenMV_Data_Receive  openmv.o
    0x08003a24   0x08003a24   0x00000002   Code   RO          151    .text.PendSV_Handler  stm32f4xx_it.o
    0x08003a26   0x08003a26   0x00000002   PAD
    0x08003a28   0x08003a28   0x00000002   Code   RO          147    .text.SVC_Handler   stm32f4xx_it.o
    0x08003a2a   0x08003a2a   0x00000002   PAD
    0x08003a2c   0x08003a2c   0x000003d6   Code   RO         1308    .text.Servo_Grab    motor.o
    0x08003e02   0x08003e02   0x00000002   PAD
    0x08003e04   0x08003e04   0x00000522   Code   RO         1310    .text.Servo_Put_Down  motor.o
    0x08004326   0x08004326   0x00000002   PAD
    0x08004328   0x08004328   0x00000004   Code   RO          153    .text.SysTick_Handler  stm32f4xx_it.o
    0x0800432c   0x0800432c   0x00000012   Code   RO          995    .text.SystemInit    system_stm32f4xx.o
    0x0800433e   0x0800433e   0x00000002   PAD
    0x08004340   0x08004340   0x0000000c   Code   RO          159    .text.TIM7_IRQHandler  stm32f4xx_it.o
    0x0800434c   0x0800434c   0x00000124   Code   RO          180    .text.TIM_Base_SetConfig  stm32f4xx_hal_tim.o
    0x08004470   0x08004470   0x0000000c   Code   RO          955    .text.UART_DMAAbortOnError  stm32f4xx_hal_uart.o
    0x0800447c   0x0800447c   0x000000be   Code   RO          953    .text.UART_Receive_IT  stm32f4xx_hal_uart.o
    0x0800453a   0x0800453a   0x00000002   PAD
    0x0800453c   0x0800453c   0x000000ea   Code   RO          879    .text.UART_SetConfig  stm32f4xx_hal_uart.o
    0x08004626   0x08004626   0x00000002   PAD
    0x08004628   0x08004628   0x0000000c   Code   RO          155    .text.USART1_IRQHandler  stm32f4xx_it.o
    0x08004634   0x08004634   0x0000000c   Code   RO          157    .text.USART2_IRQHandler  stm32f4xx_it.o
    0x08004640   0x08004640   0x00000002   Code   RO          145    .text.UsageFault_Handler  stm32f4xx_it.o
    0x08004642   0x08004642   0x00000002   PAD
    0x08004644   0x08004644   0x0000036c   Code   RO           15    .text.main          main.o
    0x080049b0   0x080049b0   0x000000b8   Code   RO         1266    .text.pidController1  pid.o
    0x08004a68   0x08004a68   0x000000b8   Code   RO         1268    .text.pidController2  pid.o
    0x08004b20   0x08004b20   0x000000b8   Code   RO         1270    .text.pidController3  pid.o
    0x08004bd8   0x08004bd8   0x000000b8   Code   RO         1272    .text.pidController4  pid.o
    0x08004c90   0x08004c90   0x0000000e   Code   RO         1784    i.__scatterload_copy  mc_w.l(handlers.o)
    0x08004c9e   0x08004c9e   0x00000002   Code   RO         1785    i.__scatterload_null  mc_w.l(handlers.o)
    0x08004ca0   0x08004ca0   0x0000000e   Code   RO         1786    i.__scatterload_zeroinit  mc_w.l(handlers.o)
    0x08004cae   0x08004cae   0x00000010   Data   RO         1000    .rodata.AHBPrescTable  system_stm32f4xx.o
    0x08004cbe   0x08004cbe   0x00000008   Data   RO         1001    .rodata.APBPrescTable  system_stm32f4xx.o
    0x08004cc6   0x08004cc6   0x00000474   Data   RO         1364    .rodata.oled_asc2_1206  oled.o
    0x0800513a   0x0800513a   0x000005f0   Data   RO         1365    .rodata.oled_asc2_1608  oled.o
    0x0800572a   0x0800572a   0x00000002   PAD
    0x0800572c   0x0800572c   0x00000020   Data   RO         1783    Region$$Table       anon$$obj.o


    Execution Region RW_IRAM1 (Exec base: 0x20000000, Load base: 0x08005750, Size: 0x00000c60, Max: 0x0001c000, ABSOLUTE)

    Exec Addr    Load Addr    Size         Type   Attr      Idx    E Section Name        Object

    0x20000000   0x08005750   0x00000004   Data   RW          999    .data.SystemCoreClock  system_stm32f4xx.o
    0x20000004   0x08005754   0x00000004   Data   RW         1314    .data.angle1        motor.o
    0x20000008   0x08005758   0x00000004   Data   RW         1315    .data.angle2        motor.o
    0x2000000c   0x0800575c   0x00000004   Data   RW         1316    .data.angle3        motor.o
    0x20000010   0x08005760   0x00000004   Data   RW         1317    .data.angle4        motor.o
    0x20000014   0x08005764   0x00000004   Data   RW         1318    .data.angle5        motor.o
    0x20000018   0x08005768   0x00000001   Data   RW          839    .data.uwTickFreq    stm32f4xx_hal.o
    0x20000019   0x08005769   0x00000003   PAD
    0x2000001c   0x0800576c   0x00000004   Data   RW          838    .data.uwTickPrio    stm32f4xx_hal.o
    0x20000020        -       0x00000400   Zero   RW         1366    .bss.OLED_GRAM      oled.o
    0x20000420        -       0x00000014   Zero   RW         1331    .bss.OpenMV_Data_Receive.RxBuffer1  openmv.o
    0x20000434        -       0x00000001   Zero   RW         1330    .bss.OpenMV_Data_Receive.RxCounter1  openmv.o
    0x20000435        -       0x00000001   Zero   RW         1332    .bss.OpenMV_Data_Receive.RxState  openmv.o
    0x20000436   0x08005770   0x00000002   PAD
    0x20000438        -       0x00000004   Zero   RW         1319    .bss.angle6         motor.o
    0x2000043c        -       0x00000001   Zero   RW           30    .bss.ch             main.o
    0x2000043d   0x08005770   0x00000003   PAD
    0x20000440        -       0x0000000c   Zero   RW           37    .bss.color          main.o
    0x2000044c        -       0x00000004   Zero   RW           38    .bss.currentVelocity1  main.o
    0x20000450        -       0x00000004   Zero   RW           40    .bss.currentVelocity2  main.o
    0x20000454        -       0x00000004   Zero   RW           42    .bss.currentVelocity3  main.o
    0x20000458        -       0x00000004   Zero   RW           44    .bss.currentVelocity4  main.o
    0x2000045c        -       0x00000001   Zero   RW           29    .bss.cw             main.o
    0x2000045d        -       0x00000001   Zero   RW           27    .bss.cx             main.o
    0x2000045e        -       0x00000001   Zero   RW           28    .bss.cy             main.o
    0x2000045f   0x08005770   0x00000001   PAD
    0x20000460        -       0x00000048   Zero   RW          100    .bss.htim1          tim.o
    0x200004a8        -       0x00000048   Zero   RW          108    .bss.htim10         tim.o
    0x200004f0        -       0x00000048   Zero   RW          109    .bss.htim11         tim.o
    0x20000538        -       0x00000048   Zero   RW          110    .bss.htim12         tim.o
    0x20000580        -       0x00000048   Zero   RW          101    .bss.htim2          tim.o
    0x200005c8        -       0x00000048   Zero   RW          102    .bss.htim3          tim.o
    0x20000610        -       0x00000048   Zero   RW          103    .bss.htim4          tim.o
    0x20000658        -       0x00000048   Zero   RW          104    .bss.htim5          tim.o
    0x200006a0        -       0x00000048   Zero   RW          105    .bss.htim7          tim.o
    0x200006e8        -       0x00000048   Zero   RW          106    .bss.htim8          tim.o
    0x20000730        -       0x00000048   Zero   RW          107    .bss.htim9          tim.o
    0x20000778        -       0x00000044   Zero   RW          127    .bss.huart1         usart.o
    0x200007bc        -       0x00000044   Zero   RW          128    .bss.huart2         usart.o
    0x20000800        -       0x00000004   Zero   RW           26    .bss.key_state      main.o
    0x20000804        -       0x00000004   Zero   RW         1275    .bss.pidController1.ek1  pid.o
    0x20000808        -       0x00000004   Zero   RW         1276    .bss.pidController1.ek2  pid.o
    0x2000080c        -       0x00000004   Zero   RW         1274    .bss.pidController1.u1  pid.o
    0x20000810        -       0x00000004   Zero   RW         1278    .bss.pidController2.ek1  pid.o
    0x20000814        -       0x00000004   Zero   RW         1279    .bss.pidController2.ek2  pid.o
    0x20000818        -       0x00000004   Zero   RW         1277    .bss.pidController2.u1  pid.o
    0x2000081c        -       0x00000004   Zero   RW         1281    .bss.pidController3.ek1  pid.o
    0x20000820        -       0x00000004   Zero   RW         1282    .bss.pidController3.ek2  pid.o
    0x20000824        -       0x00000004   Zero   RW         1280    .bss.pidController3.u1  pid.o
    0x20000828        -       0x00000004   Zero   RW         1284    .bss.pidController4.ek1  pid.o
    0x2000082c        -       0x00000004   Zero   RW         1285    .bss.pidController4.ek2  pid.o
    0x20000830        -       0x00000004   Zero   RW         1283    .bss.pidController4.u1  pid.o
    0x20000834        -       0x0000000c   Zero   RW           33    .bss.seq_arr        main.o
    0x20000840        -       0x00000001   Zero   RW           32    .bss.sequency       main.o
    0x20000841        -       0x00000001   Zero   RW           31    .bss.state          main.o
    0x20000842   0x08005770   0x00000002   PAD
    0x20000844        -       0x00000004   Zero   RW           39    .bss.targetVelocity1  main.o
    0x20000848        -       0x00000004   Zero   RW           41    .bss.targetVelocity2  main.o
    0x2000084c        -       0x00000004   Zero   RW           43    .bss.targetVelocity3  main.o
    0x20000850        -       0x00000004   Zero   RW           45    .bss.targetVelocity4  main.o
    0x20000854        -       0x00000004   Zero   RW           25    .bss.time           main.o
    0x20000858        -       0x00000001   Zero   RW           36    .bss.usart2_rxbuff  main.o
    0x20000859   0x08005770   0x00000003   PAD
    0x2000085c        -       0x00000004   Zero   RW          840    .bss.uwTick         stm32f4xx_hal.o
    0x20000860        -       0x00000400   Zero   RW            1    STACK               startup_stm32f407xx.o


    Execution Region RW_IRAM2 (Exec base: 0x2001c000, Load base: 0x08005770, Size: 0x00000000, Max: 0x00004000, ABSOLUTE)

    **** No section assigned to this execution region ****


==============================================================================

Image component sizes


      Code (inc. data)   RO Data    RW Data    ZI Data      Debug   Object Name

       228          0          0          0          0       2248   gpio.o
      1426         64          0          0         71       9886   main.o
      3262         48          0         20          4      21251   motor.o
      1436          0       2660          0       1024       7813   oled.o
       468          8          0          0         22       1384   openmv.o
       736         32          0          0         48       2948   pid.o
        36          8        392          0       1024        872   startup_stm32f407xx.o
       212          0          0          5          4       7322   stm32f4xx_hal.o
       194          0          0          0          0      10538   stm32f4xx_hal_cortex.o
       164          0          0          0          0       9824   stm32f4xx_hal_dma.o
       432          0          0          0          0       5095   stm32f4xx_hal_gpio.o
        56          0          0          0          0       1489   stm32f4xx_hal_msp.o
      1368          0          0          0          0       7332   stm32f4xx_hal_rcc.o
      2642          4          0          0          0      55232   stm32f4xx_hal_tim.o
       264          0          0          0          0      21550   stm32f4xx_hal_tim_ex.o
      1388          0          0          0          0      27184   stm32f4xx_hal_uart.o
        56          0          0          0          0       5790   stm32f4xx_it.o
        18          0         24          4          0       2681   system_stm32f4xx.o
      2932          4          0          0        792      12906   tim.o
       332          0          0          0        136       7145   usart.o

    ----------------------------------------------------------------------
     17744        168       3110         32       3136     220490   Object Totals
         0          0         32          0          0          0   (incl. Generated)
        94          0          2          3         11          0   (incl. Padding)

    ----------------------------------------------------------------------

      Code (inc. data)   RO Data    RW Data    ZI Data      Debug   Library Member Name

         0          0          0          0          0          0   entry.o
         0          0          0          0          0          0   entry10a.o
         0          0          0          0          0          0   entry11a.o
         8          4          0          0          0          0   entry2.o
         4          0          0          0          0          0   entry5.o
         0          0          0          0          0          0   entry7b.o
         0          0          0          0          0          0   entry8b.o
         8          4          0          0          0          0   entry9a.o
        30          0          0          0          0          0   handlers.o
        36          8          0          0          0         68   init.o
         0          0          0          0          0          0   iusefp.o
        30          0          0          0          0         68   llshl.o
        36          0          0          0          0         68   llsshr.o
        32          0          0          0          0         68   llushr.o
        36          0          0          0          0        108   memseta.o
        98          0          0          0          0         92   uldiv.o
        56          0          0          0          0         88   d2f.o
       334          0          0          0          0        148   dadd.o
       222          0          0          0          0        100   ddiv.o
       186          0          0          0          0        176   depilogue.o
       228          0          0          0          0         96   dmul.o
        38          0          0          0          0         68   f2d.o
       110          0          0          0          0        168   fepilogue.o

    ----------------------------------------------------------------------
      1494         16          0          0          0       1316   Library Totals
         2          0          0          0          0          0   (incl. Padding)

    ----------------------------------------------------------------------

      Code (inc. data)   RO Data    RW Data    ZI Data      Debug   Library Name

       318         16          0          0          0        472   mc_w.l
      1174          0          0          0          0        844   mf_w.l

    ----------------------------------------------------------------------
      1494         16          0          0          0       1316   Library Totals

    ----------------------------------------------------------------------

==============================================================================


      Code (inc. data)   RO Data    RW Data    ZI Data      Debug   

     19238        184       3110         32       3136     221130   Grand Totals
     19238        184       3110         32       3136     221130   ELF Image Totals
     19238        184       3110         32          0          0   ROM Totals

==============================================================================

    Total RO  Size (Code + RO Data)                22348 (  21.82kB)
    Total RW  Size (RW Data + ZI Data)              3168 (   3.09kB)
    Total ROM Size (Code + RO Data + RW Data)      22380 (  21.86kB)

==============================================================================

